16:38:19 **** Build of project Lab1_bsp ****
make -k all 
"Running Make include in ps7_cortexa9_0/libsrc/coresightps_dcc_v1_4/src"
make -C ps7_cortexa9_0/libsrc/coresightps_dcc_v1_4/src -s include  "SHELL=CMD" "COMPILER=arm-none-eabi-gcc" "ARCHIVER=arm-none-eabi-ar" "COMPILER_FLAGS=  -O2 -c" "EXTRA_COMPILER_FLAGS=-mcpu=cortex-a9 -mfpu=vfpv3 -mfloat-abi=hard -nostartfiles -g -Wall -Wextra"
"Running Make include in ps7_cortexa9_0/libsrc/cpu_cortexa9_v2_7/src"
make -C ps7_cortexa9_0/libsrc/cpu_cortexa9_v2_7/src -s include  "SHELL=CMD" "COMPILER=arm-none-eabi-gcc" "ARCHIVER=arm-none-eabi-ar" "COMPILER_FLAGS=  -O2 -c" "EXTRA_COMPILER_FLAGS=-mcpu=cortex-a9 -mfpu=vfpv3 -mfloat-abi=hard -nostartfiles -g -Wall -Wextra"
"Running Make include in ps7_cortexa9_0/libsrc/ddrps_v1_0/src"
make -C ps7_cortexa9_0/libsrc/ddrps_v1_0/src -s include  "SHELL=CMD" "COMPILER=arm-none-eabi-gcc" "ARCHIVER=arm-none-eabi-ar" "COMPILER_FLAGS=  -O2 -c" "EXTRA_COMPILER_FLAGS=-mcpu=cortex-a9 -mfpu=vfpv3 -mfloat-abi=hard -nostartfiles -g -Wall -Wextra"
"Running Make include in ps7_cortexa9_0/libsrc/devcfg_v3_5/src"
make -C ps7_cortexa9_0/libsrc/devcfg_v3_5/src -s include  "SHELL=CMD" "COMPILER=arm-none-eabi-gcc" "ARCHIVER=arm-none-eabi-ar" "COMPILER_FLAGS=  -O2 -c" "EXTRA_COMPILER_FLAGS=-mcpu=cortex-a9 -mfpu=vfpv3 -mfloat-abi=hard -nostartfiles -g -Wall -Wextra"
"Running Make include in ps7_cortexa9_0/libsrc/dmaps_v2_4/src"
make -C ps7_cortexa9_0/libsrc/dmaps_v2_4/src -s include  "SHELL=CMD" "COMPILER=arm-none-eabi-gcc" "ARCHIVER=arm-none-eabi-ar" "COMPILER_FLAGS=  -O2 -c" "EXTRA_COMPILER_FLAGS=-mcpu=cortex-a9 -mfpu=vfpv3 -mfloat-abi=hard -nostartfiles -g -Wall -Wextra"
"Running Make include in ps7_cortexa9_0/libsrc/emacps_v3_8/src"
make -C ps7_cortexa9_0/libsrc/emacps_v3_8/src -s include  "SHELL=CMD" "COMPILER=arm-none-eabi-gcc" "ARCHIVER=arm-none-eabi-ar" "COMPILER_FLAGS=  -O2 -c" "EXTRA_COMPILER_FLAGS=-mcpu=cortex-a9 -mfpu=vfpv3 -mfloat-abi=hard -nostartfiles -g -Wall -Wextra"
"Running Make include in ps7_cortexa9_0/libsrc/gpiops_v3_4/src"
make -C ps7_cortexa9_0/libsrc/gpiops_v3_4/src -s include  "SHELL=CMD" "COMPILER=arm-none-eabi-gcc" "ARCHIVER=arm-none-eabi-ar" "COMPILER_FLAGS=  -O2 -c" "EXTRA_COMPILER_FLAGS=-mcpu=cortex-a9 -mfpu=vfpv3 -mfloat-abi=hard -nostartfiles -g -Wall -Wextra"
"Running Make include in ps7_cortexa9_0/libsrc/gpio_v4_3/src"
make -C ps7_cortexa9_0/libsrc/gpio_v4_3/src -s include  "SHELL=CMD" "COMPILER=arm-none-eabi-gcc" "ARCHIVER=arm-none-eabi-ar" "COMPILER_FLAGS=  -O2 -c" "EXTRA_COMPILER_FLAGS=-mcpu=cortex-a9 -mfpu=vfpv3 -mfloat-abi=hard -nostartfiles -g -Wall -Wextra"
"Running Make include in ps7_cortexa9_0/libsrc/qspips_v3_5/src"
make -C ps7_cortexa9_0/libsrc/qspips_v3_5/src -s include  "SHELL=CMD" "COMPILER=arm-none-eabi-gcc" "ARCHIVER=arm-none-eabi-ar" "COMPILER_FLAGS=  -O2 -c" "EXTRA_COMPILER_FLAGS=-mcpu=cortex-a9 -mfpu=vfpv3 -mfloat-abi=hard -nostartfiles -g -Wall -Wextra"
"Running Make include in ps7_cortexa9_0/libsrc/scugic_v3_10/src"
make -C ps7_cortexa9_0/libsrc/scugic_v3_10/src -s include  "SHELL=CMD" "COMPILER=arm-none-eabi-gcc" "ARCHIVER=arm-none-eabi-ar" "COMPILER_FLAGS=  -O2 -c" "EXTRA_COMPILER_FLAGS=-mcpu=cortex-a9 -mfpu=vfpv3 -mfloat-abi=hard -nostartfiles -g -Wall -Wextra"
"Running Make include in ps7_cortexa9_0/libsrc/scutimer_v2_1/src"
make -C ps7_cortexa9_0/libsrc/scutimer_v2_1/src -s include  "SHELL=CMD" "COMPILER=arm-none-eabi-gcc" "ARCHIVER=arm-none-eabi-ar" "COMPILER_FLAGS=  -O2 -c" "EXTRA_COMPILER_FLAGS=-mcpu=cortex-a9 -mfpu=vfpv3 -mfloat-abi=hard -nostartfiles -g -Wall -Wextra"
"Running Make include in ps7_cortexa9_0/libsrc/scuwdt_v2_1/src"
make -C ps7_cortexa9_0/libsrc/scuwdt_v2_1/src -s include  "SHELL=CMD" "COMPILER=arm-none-eabi-gcc" "ARCHIVER=arm-none-eabi-ar" "COMPILER_FLAGS=  -O2 -c" "EXTRA_COMPILER_FLAGS=-mcpu=cortex-a9 -mfpu=vfpv3 -mfloat-abi=hard -nostartfiles -g -Wall -Wextra"
"Running Make include in ps7_cortexa9_0/libsrc/sdps_v3_6/src"
make -C ps7_cortexa9_0/libsrc/sdps_v3_6/src -s include  "SHELL=CMD" "COMPILER=arm-none-eabi-gcc" "ARCHIVER=arm-none-eabi-ar" "COMPILER_FLAGS=  -O2 -c" "EXTRA_COMPILER_FLAGS=-mcpu=cortex-a9 -mfpu=vfpv3 -mfloat-abi=hard -nostartfiles -g -Wall -Wextra"
"Running Make include in ps7_cortexa9_0/libsrc/standalone_v6_8/src"
make -C ps7_cortexa9_0/libsrc/standalone_v6_8/src -s include  "SHELL=CMD" "COMPILER=arm-none-eabi-gcc" "ARCHIVER=arm-none-eabi-ar" "COMPILER_FLAGS=  -O2 -c" "EXTRA_COMPILER_FLAGS=-mcpu=cortex-a9 -mfpu=vfpv3 -mfloat-abi=hard -nostartfiles -g -Wall -Wextra"
"Running Make include in ps7_cortexa9_0/libsrc/ttcps_v3_7/src"
make -C ps7_cortexa9_0/libsrc/ttcps_v3_7/src -s include  "SHELL=CMD" "COMPILER=arm-none-eabi-gcc" "ARCHIVER=arm-none-eabi-ar" "COMPILER_FLAGS=  -O2 -c" "EXTRA_COMPILER_FLAGS=-mcpu=cortex-a9 -mfpu=vfpv3 -mfloat-abi=hard -nostartfiles -g -Wall -Wextra"
"Running Make include in ps7_cortexa9_0/libsrc/uartps_v3_7/src"
make -C ps7_cortexa9_0/libsrc/uartps_v3_7/src -s include  "SHELL=CMD" "COMPILER=arm-none-eabi-gcc" "ARCHIVER=arm-none-eabi-ar" "COMPILER_FLAGS=  -O2 -c" "EXTRA_COMPILER_FLAGS=-mcpu=cortex-a9 -mfpu=vfpv3 -mfloat-abi=hard -nostartfiles -g -Wall -Wextra"
"Running Make include in ps7_cortexa9_0/libsrc/usbps_v2_4/src"
make -C ps7_cortexa9_0/libsrc/usbps_v2_4/src -s include  "SHELL=CMD" "COMPILER=arm-none-eabi-gcc" "ARCHIVER=arm-none-eabi-ar" "COMPILER_FLAGS=  -O2 -c" "EXTRA_COMPILER_FLAGS=-mcpu=cortex-a9 -mfpu=vfpv3 -mfloat-abi=hard -nostartfiles -g -Wall -Wextra"
"Running Make include in ps7_cortexa9_0/libsrc/xadcps_v2_3/src"
make -C ps7_cortexa9_0/libsrc/xadcps_v2_3/src -s include  "SHELL=CMD" "COMPILER=arm-none-eabi-gcc" "ARCHIVER=arm-none-eabi-ar" "COMPILER_FLAGS=  -O2 -c" "EXTRA_COMPILER_FLAGS=-mcpu=cortex-a9 -mfpu=vfpv3 -mfloat-abi=hard -nostartfiles -g -Wall -Wextra"
"Running Make libs in ps7_cortexa9_0/libsrc/coresightps_dcc_v1_4/src"
make -C ps7_cortexa9_0/libsrc/coresightps_dcc_v1_4/src -s libs  "SHELL=CMD" "COMPILER=arm-none-eabi-gcc" "ARCHIVER=arm-none-eabi-ar" "COMPILER_FLAGS=  -O2 -c" "EXTRA_COMPILER_FLAGS=-mcpu=cortex-a9 -mfpu=vfpv3 -mfloat-abi=hard -nostartfiles -g -Wall -Wextra"
"Compiling coresightps_dcc"
arm-none-eabi-ar: creating ../../../lib/libxil.a
"Running Make libs in ps7_cortexa9_0/libsrc/cpu_cortexa9_v2_7/src"
make -C ps7_cortexa9_0/libsrc/cpu_cortexa9_v2_7/src -s libs  "SHELL=CMD" "COMPILER=arm-none-eabi-gcc" "ARCHIVER=arm-none-eabi-ar" "COMPILER_FLAGS=  -O2 -c" "EXTRA_COMPILER_FLAGS=-mcpu=cortex-a9 -mfpu=vfpv3 -mfloat-abi=hard -nostartfiles -g -Wall -Wextra"
"Compiling cpu_cortexa9"
"Running Make libs in ps7_cortexa9_0/libsrc/ddrps_v1_0/src"
make -C ps7_cortexa9_0/libsrc/ddrps_v1_0/src -s libs  "SHELL=CMD" "COMPILER=arm-none-eabi-gcc" "ARCHIVER=arm-none-eabi-ar" "COMPILER_FLAGS=  -O2 -c" "EXTRA_COMPILER_FLAGS=-mcpu=cortex-a9 -mfpu=vfpv3 -mfloat-abi=hard -nostartfiles -g -Wall -Wextra"
"Compiling ddrps"
"Running Make libs in ps7_cortexa9_0/libsrc/devcfg_v3_5/src"
make -C ps7_cortexa9_0/libsrc/devcfg_v3_5/src -s libs  "SHELL=CMD" "COMPILER=arm-none-eabi-gcc" "ARCHIVER=arm-none-eabi-ar" "COMPILER_FLAGS=  -O2 -c" "EXTRA_COMPILER_FLAGS=-mcpu=cortex-a9 -mfpu=vfpv3 -mfloat-abi=hard -nostartfiles -g -Wall -Wextra"
"Compiling devcfg"
"Running Make libs in ps7_cortexa9_0/libsrc/dmaps_v2_4/src"
make -C ps7_cortexa9_0/libsrc/dmaps_v2_4/src -s libs  "SHELL=CMD" "COMPILER=arm-none-eabi-gcc" "ARCHIVER=arm-none-eabi-ar" "COMPILER_FLAGS=  -O2 -c" "EXTRA_COMPILER_FLAGS=-mcpu=cortex-a9 -mfpu=vfpv3 -mfloat-abi=hard -nostartfiles -g -Wall -Wextra"
"Compiling dmaps"
"Running Make libs in ps7_cortexa9_0/libsrc/emacps_v3_8/src"
make -C ps7_cortexa9_0/libsrc/emacps_v3_8/src -s libs  "SHELL=CMD" "COMPILER=arm-none-eabi-gcc" "ARCHIVER=arm-none-eabi-ar" "COMPILER_FLAGS=  -O2 -c" "EXTRA_COMPILER_FLAGS=-mcpu=cortex-a9 -mfpu=vfpv3 -mfloat-abi=hard -nostartfiles -g -Wall -Wextra"
"Compiling emacps"
"Running Make libs in ps7_cortexa9_0/libsrc/gpiops_v3_4/src"
make -C ps7_cortexa9_0/libsrc/gpiops_v3_4/src -s libs  "SHELL=CMD" "COMPILER=arm-none-eabi-gcc" "ARCHIVER=arm-none-eabi-ar" "COMPILER_FLAGS=  -O2 -c" "EXTRA_COMPILER_FLAGS=-mcpu=cortex-a9 -mfpu=vfpv3 -mfloat-abi=hard -nostartfiles -g -Wall -Wextra"
"Compiling gpiops"
"Running Make libs in ps7_cortexa9_0/libsrc/gpio_v4_3/src"
make -C ps7_cortexa9_0/libsrc/gpio_v4_3/src -s libs  "SHELL=CMD" "COMPILER=arm-none-eabi-gcc" "ARCHIVER=arm-none-eabi-ar" "COMPILER_FLAGS=  -O2 -c" "EXTRA_COMPILER_FLAGS=-mcpu=cortex-a9 -mfpu=vfpv3 -mfloat-abi=hard -nostartfiles -g -Wall -Wextra"
"Compiling gpio"
"Running Make libs in ps7_cortexa9_0/libsrc/qspips_v3_5/src"
make -C ps7_cortexa9_0/libsrc/qspips_v3_5/src -s libs  "SHELL=CMD" "COMPILER=arm-none-eabi-gcc" "ARCHIVER=arm-none-eabi-ar" "COMPILER_FLAGS=  -O2 -c" "EXTRA_COMPILER_FLAGS=-mcpu=cortex-a9 -mfpu=vfpv3 -mfloat-abi=hard -nostartfiles -g -Wall -Wextra"
"Compiling qspips"
"Running Make libs in ps7_cortexa9_0/libsrc/scugic_v3_10/src"
make -C ps7_cortexa9_0/libsrc/scugic_v3_10/src -s libs  "SHELL=CMD" "COMPILER=arm-none-eabi-gcc" "ARCHIVER=arm-none-eabi-ar" "COMPILER_FLAGS=  -O2 -c" "EXTRA_COMPILER_FLAGS=-mcpu=cortex-a9 -mfpu=vfpv3 -mfloat-abi=hard -nostartfiles -g -Wall -Wextra"
"Compiling scugic"
"Running Make libs in ps7_cortexa9_0/libsrc/scutimer_v2_1/src"
make -C ps7_cortexa9_0/libsrc/scutimer_v2_1/src -s libs  "SHELL=CMD" "COMPILER=arm-none-eabi-gcc" "ARCHIVER=arm-none-eabi-ar" "COMPILER_FLAGS=  -O2 -c" "EXTRA_COMPILER_FLAGS=-mcpu=cortex-a9 -mfpu=vfpv3 -mfloat-abi=hard -nostartfiles -g -Wall -Wextra"
"Compiling scutimer"
"Running Make libs in ps7_cortexa9_0/libsrc/scuwdt_v2_1/src"
make -C ps7_cortexa9_0/libsrc/scuwdt_v2_1/src -s libs  "SHELL=CMD" "COMPILER=arm-none-eabi-gcc" "ARCHIVER=arm-none-eabi-ar" "COMPILER_FLAGS=  -O2 -c" "EXTRA_COMPILER_FLAGS=-mcpu=cortex-a9 -mfpu=vfpv3 -mfloat-abi=hard -nostartfiles -g -Wall -Wextra"
"Compiling scuwdt"
"Running Make libs in ps7_cortexa9_0/libsrc/sdps_v3_6/src"
make -C ps7_cortexa9_0/libsrc/sdps_v3_6/src -s libs  "SHELL=CMD" "COMPILER=arm-none-eabi-gcc" "ARCHIVER=arm-none-eabi-ar" "COMPILER_FLAGS=  -O2 -c" "EXTRA_COMPILER_FLAGS=-mcpu=cortex-a9 -mfpu=vfpv3 -mfloat-abi=hard -nostartfiles -g -Wall -Wextra"
"Compiling sdps"
"Running Make libs in ps7_cortexa9_0/libsrc/standalone_v6_8/src"
make -C ps7_cortexa9_0/libsrc/standalone_v6_8/src -s libs  "SHELL=CMD" "COMPILER=arm-none-eabi-gcc" "ARCHIVER=arm-none-eabi-ar" "COMPILER_FLAGS=  -O2 -c" "EXTRA_COMPILER_FLAGS=-mcpu=cortex-a9 -mfpu=vfpv3 -mfloat-abi=hard -nostartfiles -g -Wall -Wextra"
"Compiling standalone"
In file included from usleep.c:56:0:
xtime_l.h:87:9: note: #pragma message: For the sleep routines, Global timer is being used
 #pragma message ("For the sleep routines, Global timer is being used")
         ^~~~~~~
In file included from xil_sleeptimer.c:51:0:
xtime_l.h:87:9: note: #pragma message: For the sleep routines, Global timer is being used
 #pragma message ("For the sleep routines, Global timer is being used")
         ^~~~~~~
In file included from xtime_l.c:49:0:
xtime_l.h:87:9: note: #pragma message: For the sleep routines, Global timer is being used
 #pragma message ("For the sleep routines, Global timer is being used")
         ^~~~~~~
In file included from sleep.c:53:0:
xtime_l.h:87:9: note: #pragma message: For the sleep routines, Global timer is being used
 #pragma message ("For the sleep routines, Global timer is being used")
         ^~~~~~~
"Running Make libs in ps7_cortexa9_0/libsrc/ttcps_v3_7/src"
make -C ps7_cortexa9_0/libsrc/ttcps_v3_7/src -s libs  "SHELL=CMD" "COMPILER=arm-none-eabi-gcc" "ARCHIVER=arm-none-eabi-ar" "COMPILER_FLAGS=  -O2 -c" "EXTRA_COMPILER_FLAGS=-mcpu=cortex-a9 -mfpu=vfpv3 -mfloat-abi=hard -nostartfiles -g -Wall -Wextra"
"Compiling ttcps"
"Running Make libs in ps7_cortexa9_0/libsrc/uartps_v3_7/src"
make -C ps7_cortexa9_0/libsrc/uartps_v3_7/src -s libs  "SHELL=CMD" "COMPILER=arm-none-eabi-gcc" "ARCHIVER=arm-none-eabi-ar" "COMPILER_FLAGS=  -O2 -c" "EXTRA_COMPILER_FLAGS=-mcpu=cortex-a9 -mfpu=vfpv3 -mfloat-abi=hard -nostartfiles -g -Wall -Wextra"
"Compiling uartps"
"Running Make libs in ps7_cortexa9_0/libsrc/usbps_v2_4/src"
make -C ps7_cortexa9_0/libsrc/usbps_v2_4/src -s libs  "SHELL=CMD" "COMPILER=arm-none-eabi-gcc" "ARCHIVER=arm-none-eabi-ar" "COMPILER_FLAGS=  -O2 -c" "EXTRA_COMPILER_FLAGS=-mcpu=cortex-a9 -mfpu=vfpv3 -mfloat-abi=hard -nostartfiles -g -Wall -Wextra"
"Compiling usbps"
"Running Make libs in ps7_cortexa9_0/libsrc/xadcps_v2_3/src"
make -C ps7_cortexa9_0/libsrc/xadcps_v2_3/src -s libs  "SHELL=CMD" "COMPILER=arm-none-eabi-gcc" "ARCHIVER=arm-none-eabi-ar" "COMPILER_FLAGS=  -O2 -c" "EXTRA_COMPILER_FLAGS=-mcpu=cortex-a9 -mfpu=vfpv3 -mfloat-abi=hard -nostartfiles -g -Wall -Wextra"
"Compiling xadcps"
'Finished building libraries'

**** Build of configuration Debug for project Lab1 ****

Nothing to build for project Lab1

****  of configuration Debug for project Lab1 ****

Nothing to build for project Lab1
16:39:33 **** Auto Build of configuration Debug for project Lab1 ****
make pre-build main-build 
a9-linaro-pre-build-step
' '
'Building file: ../src/LED_BUTTONS_TC.c'
'Invoking: ARM v7 gcc compiler'
arm-none-eabi-gcc -Wall -O0 -g3 -c -fmessage-length=0 -MT"src/LED_BUTTONS_TC.o" -mcpu=cortex-a9 -mfpu=vfpv3 -mfloat-abi=hard -I../../Lab1_bsp/ps7_cortexa9_0/include -MMD -MP -MF"src/LED_BUTTONS_TC.d" -MT"src/LED_BUTTONS_TC.o" -o "src/LED_BUTTONS_TC.o" "../src/LED_BUTTONS_TC.c"
'Finished building: ../src/LED_BUTTONS_TC.c'
' '
'Building target: Lab1.elf'
'Invoking: ARM v7 gcc linker'
arm-none-eabi-gcc -mcpu=cortex-a9 -mfpu=vfpv3 -mfloat-abi=hard -Wl,-build-id=none -specs=Xilinx.spec -Wl,-T -Wl,../src/lscript.ld -L../../Lab1_bsp/ps7_cortexa9_0/lib -o "Lab1.elf"  ./src/LED_BUTTONS_TC.o   -Wl,--start-group,-lxil,-lgcc,-lc,--end-group
../../Lab1_bsp/ps7_cortexa9_0/lib\libxil.a(xil-crt0.o): In function `_start':
C:\Zynq_Book\Lab_1\Lab_1.sdk\Lab1_bsp\ps7_cortexa9_0\libsrc\standalone_v6_8\src/xil-crt0.S:138: undefined reference to `main'
collect2.exe: error: ld returned 1 exit status
make: *** [makefile:41: Lab1.elf] Error 1
16:39:44 **** Auto Build of configuration Debug for project Lab1 ****
make pre-build main-build 
a9-linaro-pre-build-step
' '
'Building file: ../src/LED_BUTTONS_TC.c'
'Invoking: ARM v7 gcc compiler'
arm-none-eabi-gcc -Wall -O0 -g3 -c -fmessage-length=0 -MT"src/LED_BUTTONS_TC.o" -mcpu=cortex-a9 -mfpu=vfpv3 -mfloat-abi=hard -I../../Lab1_bsp/ps7_cortexa9_0/include -MMD -MP -MF"src/LED_BUTTONS_TC.d" -MT"src/LED_BUTTONS_TC.o" -o "src/LED_BUTTONS_TC.o" "../src/LED_BUTTONS_TC.c"
'Finished building: ../src/LED_BUTTONS_TC.c'
' '
'Building target: Lab1.elf'
'Invoking: ARM v7 gcc linker'
arm-none-eabi-gcc -mcpu=cortex-a9 -mfpu=vfpv3 -mfloat-abi=hard -Wl,-build-id=none -specs=Xilinx.spec -Wl,-T -Wl,../src/lscript.ld -L../../Lab1_bsp/ps7_cortexa9_0/lib -o "Lab1.elf"  ./src/LED_BUTTONS_TC.o   -Wl,--start-group,-lxil,-lgcc,-lc,--end-group
'Finished building target: Lab1.elf'
' '
'Invoking: ARM v7 Print Size'
arm-none-eabi-size Lab1.elf  |tee "Lab1.elf.size"
   text	   data	    bss	    dec	    hex	filename
  23380	   1184	  22600	  47164	   b83c	Lab1.elf
'Finished building: Lab1.elf.size'
' '
16:40:06 **** Incremental Build of configuration Debug for project Lab1 ****
make pre-build main-build 
a9-linaro-pre-build-step
' '
make: Nothing to be done for 'main-build'.
16:41:43 **** Auto Build of configuration Debug for project Lab1 ****
make pre-build main-build 
a9-linaro-pre-build-step
' '
'Building file: ../src/LED_BUTTONS_TC.c'
'Invoking: ARM v7 gcc compiler'
arm-none-eabi-gcc -Wall -O0 -g3 -c -fmessage-length=0 -MT"src/LED_BUTTONS_TC.o" -mcpu=cortex-a9 -mfpu=vfpv3 -mfloat-abi=hard -I../../Lab1_bsp/ps7_cortexa9_0/include -MMD -MP -MF"src/LED_BUTTONS_TC.d" -MT"src/LED_BUTTONS_TC.o" -o "src/LED_BUTTONS_TC.o" "../src/LED_BUTTONS_TC.c"
'Finished building: ../src/LED_BUTTONS_TC.c'
' '
'Building target: Lab1.elf'
'Invoking: ARM v7 gcc linker'
arm-none-eabi-gcc -mcpu=cortex-a9 -mfpu=vfpv3 -mfloat-abi=hard -Wl,-build-id=none -specs=Xilinx.spec -Wl,-T -Wl,../src/lscript.ld -L../../Lab1_bsp/ps7_cortexa9_0/lib -o "Lab1.elf"  ./src/LED_BUTTONS_TC.o   -Wl,--start-group,-lxil,-lgcc,-lc,--end-group
../../Lab1_bsp/ps7_cortexa9_0/lib\libxil.a(xil-crt0.o): In function `_start':
C:\Zynq_Book\Lab_1\Lab_1.sdk\Lab1_bsp\ps7_cortexa9_0\libsrc\standalone_v6_8\src/xil-crt0.S:138: undefined reference to `main'
collect2.exe: error: ld returned 1 exit status
make: *** [makefile:41: Lab1.elf] Error 1
16:42:09 **** Clean-only build of configuration Debug for project Lab1 ****
make clean 
rm -rf  ./src/LED_BUTTONS_TC.o  ./src/LED_BUTTONS_TC.d  Lab1.elf.size  Lab1.elf
' '

****  of configuration Debug for project Lab1 ****

Nothing to build for project Lab1
16:45:25 **** Auto Build of configuration Debug for project Lab1 ****
make pre-build main-build 
a9-linaro-pre-build-step
' '
'Building file: ../src/LED_test_tut_1C.c'
'Invoking: ARM v7 gcc compiler'
arm-none-eabi-gcc -Wall -O0 -g3 -c -fmessage-length=0 -MT"src/LED_test_tut_1C.o" -mcpu=cortex-a9 -mfpu=vfpv3 -mfloat-abi=hard -I../../Lab1_bsp/ps7_cortexa9_0/include -MMD -MP -MF"src/LED_test_tut_1C.d" -MT"src/LED_test_tut_1C.o" -o "src/LED_test_tut_1C.o" "../src/LED_test_tut_1C.c"
'Finished building: ../src/LED_test_tut_1C.c'
' '
'Building target: Lab1.elf'
'Invoking: ARM v7 gcc linker'
arm-none-eabi-gcc -mcpu=cortex-a9 -mfpu=vfpv3 -mfloat-abi=hard -Wl,-build-id=none -specs=Xilinx.spec -Wl,-T -Wl,../src/lscript.ld -L../../Lab1_bsp/ps7_cortexa9_0/lib -o "Lab1.elf"  ./src/LED_test_tut_1C.o   -Wl,--start-group,-lxil,-lgcc,-lc,--end-group
'Finished building target: Lab1.elf'
' '
'Invoking: ARM v7 Print Size'
arm-none-eabi-size Lab1.elf  |tee "Lab1.elf.size"
   text	   data	    bss	    dec	    hex	filename
  23380	   1184	  22600	  47164	   b83c	Lab1.elf
'Finished building: Lab1.elf.size'
' '
16:45:51 **** Clean-only build of configuration Debug for project Lab1 ****
make clean 
rm -rf  ./src/LED_test_tut_1C.o  ./src/LED_test_tut_1C.d  Lab1.elf.size  Lab1.elf
' '
16:45:51 **** Auto Build of configuration Debug for project Lab1 ****
make pre-build main-build 
a9-linaro-pre-build-step
' '
'Building file: ../src/LED_BUTTONS_TC.c'
'Invoking: ARM v7 gcc compiler'
arm-none-eabi-gcc -Wall -O0 -g3 -c -fmessage-length=0 -MT"src/LED_BUTTONS_TC.o" -mcpu=cortex-a9 -mfpu=vfpv3 -mfloat-abi=hard -I../../Lab1_bsp/ps7_cortexa9_0/include -MMD -MP -MF"src/LED_BUTTONS_TC.d" -MT"src/LED_BUTTONS_TC.o" -o "src/LED_BUTTONS_TC.o" "../src/LED_BUTTONS_TC.c"
'Finished building: ../src/LED_BUTTONS_TC.c'
' '
'Building target: Lab1.elf'
'Invoking: ARM v7 gcc linker'
arm-none-eabi-gcc -mcpu=cortex-a9 -mfpu=vfpv3 -mfloat-abi=hard -Wl,-build-id=none -specs=Xilinx.spec -Wl,-T -Wl,../src/lscript.ld -L../../Lab1_bsp/ps7_cortexa9_0/lib -o "Lab1.elf"  ./src/LED_BUTTONS_TC.o   -Wl,--start-group,-lxil,-lgcc,-lc,--end-group
'Finished building target: Lab1.elf'
' '
'Invoking: ARM v7 Print Size'
arm-none-eabi-size Lab1.elf  |tee "Lab1.elf.size"
   text	   data	    bss	    dec	    hex	filename
  23380	   1184	  22600	  47164	   b83c	Lab1.elf
'Finished building: Lab1.elf.size'
' '
16:59:00 **** Auto Build of configuration Debug for project Lab1 ****
make pre-build main-build 
a9-linaro-pre-build-step
' '
'Building file: ../src/LED_BUTTONS_TC.c'
'Invoking: ARM v7 gcc compiler'
arm-none-eabi-gcc -Wall -O0 -g3 -c -fmessage-length=0 -MT"src/LED_BUTTONS_TC.o" -mcpu=cortex-a9 -mfpu=vfpv3 -mfloat-abi=hard -I../../Lab1_bsp/ps7_cortexa9_0/include -MMD -MP -MF"src/LED_BUTTONS_TC.d" -MT"src/LED_BUTTONS_TC.o" -o "src/LED_BUTTONS_TC.o" "../src/LED_BUTTONS_TC.c"
../src/LED_BUTTONS_TC.c: In function 'main':
../src/LED_BUTTONS_TC.c:82:29: error: 'LEDInst' undeclared (first use in this function)
  status = XGpio_Initialize(&LEDInst, LEDS_DEVICE_ID);
                             ^~~~~~~
../src/LED_BUTTONS_TC.c:82:29: note: each undeclared identifier is reported only once for each function it appears in
../src/LED_BUTTONS_TC.c:86:29: error: 'BTNInst' undeclared (first use in this function); did you mean 'LEDInst'?
  status = XGpio_Initialize(&BTNInst, BTNS_DEVICE_ID);
                             ^~~~~~~
                             LEDInst
make: *** [src/subdir.mk:23: src/LED_BUTTONS_TC.o] Error 1
17:06:07 **** Auto Build of configuration Debug for project Lab1 ****
make pre-build main-build 
a9-linaro-pre-build-step
' '
'Building file: ../src/LED_BUTTONS_TC.c'
'Invoking: ARM v7 gcc compiler'
arm-none-eabi-gcc -Wall -O0 -g3 -c -fmessage-length=0 -MT"src/LED_BUTTONS_TC.o" -mcpu=cortex-a9 -mfpu=vfpv3 -mfloat-abi=hard -I../../Lab1_bsp/ps7_cortexa9_0/include -MMD -MP -MF"src/LED_BUTTONS_TC.d" -MT"src/LED_BUTTONS_TC.o" -o "src/LED_BUTTONS_TC.o" "../src/LED_BUTTONS_TC.c"
../src/LED_BUTTONS_TC.c:41:1: error: unknown type name 'XScuGic'
 XScuGic INTCInst;
 ^~~~~~~
../src/LED_BUTTONS_TC.c:43:12: warning: 'btn_value' defined but not used [-Wunused-variable]
 static int btn_value;
            ^~~~~~~~~
../src/LED_BUTTONS_TC.c:42:12: warning: 'led_data' defined but not used [-Wunused-variable]
 static int led_data;
            ^~~~~~~~
make: *** [src/subdir.mk:23: src/LED_BUTTONS_TC.o] Error 1
17:06:42 **** Auto Build of configuration Debug for project Lab1 ****
make pre-build main-build 
a9-linaro-pre-build-step
' '
'Building file: ../src/LED_BUTTONS_TC.c'
'Invoking: ARM v7 gcc compiler'
arm-none-eabi-gcc -Wall -O0 -g3 -c -fmessage-length=0 -MT"src/LED_BUTTONS_TC.o" -mcpu=cortex-a9 -mfpu=vfpv3 -mfloat-abi=hard -I../../Lab1_bsp/ps7_cortexa9_0/include -MMD -MP -MF"src/LED_BUTTONS_TC.d" -MT"src/LED_BUTTONS_TC.o" -o "src/LED_BUTTONS_TC.o" "../src/LED_BUTTONS_TC.c"
'Finished building: ../src/LED_BUTTONS_TC.c'
' '
'Building target: Lab1.elf'
'Invoking: ARM v7 gcc linker'
arm-none-eabi-gcc -mcpu=cortex-a9 -mfpu=vfpv3 -mfloat-abi=hard -Wl,-build-id=none -specs=Xilinx.spec -Wl,-T -Wl,../src/lscript.ld -L../../Lab1_bsp/ps7_cortexa9_0/lib -o "Lab1.elf"  ./src/LED_BUTTONS_TC.o   -Wl,--start-group,-lxil,-lgcc,-lc,--end-group
'Finished building target: Lab1.elf'
' '
'Invoking: ARM v7 Print Size'
arm-none-eabi-size Lab1.elf  |tee "Lab1.elf.size"
   text	   data	    bss	    dec	    hex	filename
  23508	   1184	  22632	  47324	   b8dc	Lab1.elf
'Finished building: Lab1.elf.size'
' '
17:10:23 **** Auto Build of configuration Debug for project Lab1 ****
make pre-build main-build 
a9-linaro-pre-build-step
' '
'Building file: ../src/LED_BUTTONS_TC.c'
'Invoking: ARM v7 gcc compiler'
arm-none-eabi-gcc -Wall -O0 -g3 -c -fmessage-length=0 -MT"src/LED_BUTTONS_TC.o" -mcpu=cortex-a9 -mfpu=vfpv3 -mfloat-abi=hard -I../../Lab1_bsp/ps7_cortexa9_0/include -MMD -MP -MF"src/LED_BUTTONS_TC.d" -MT"src/LED_BUTTONS_TC.o" -o "src/LED_BUTTONS_TC.o" "../src/LED_BUTTONS_TC.c"
../src/LED_BUTTONS_TC.c: In function 'LEDOutputExample':
../src/LED_BUTTONS_TC.c:51:30: error: expected expression before ',' token
   Status = XGpio_Initialize(&, GPIO_DEVICE_ID);
                              ^
make: *** [src/subdir.mk:23: src/LED_BUTTONS_TC.o] Error 1
17:10:51 **** Auto Build of configuration Debug for project Lab1 ****
make pre-build main-build 
a9-linaro-pre-build-step
' '
'Building file: ../src/LED_BUTTONS_TC.c'
'Invoking: ARM v7 gcc compiler'
arm-none-eabi-gcc -Wall -O0 -g3 -c -fmessage-length=0 -MT"src/LED_BUTTONS_TC.o" -mcpu=cortex-a9 -mfpu=vfpv3 -mfloat-abi=hard -I../../Lab1_bsp/ps7_cortexa9_0/include -MMD -MP -MF"src/LED_BUTTONS_TC.d" -MT"src/LED_BUTTONS_TC.o" -o "src/LED_BUTTONS_TC.o" "../src/LED_BUTTONS_TC.c"
'Finished building: ../src/LED_BUTTONS_TC.c'
' '
'Building target: Lab1.elf'
'Invoking: ARM v7 gcc linker'
arm-none-eabi-gcc -mcpu=cortex-a9 -mfpu=vfpv3 -mfloat-abi=hard -Wl,-build-id=none -specs=Xilinx.spec -Wl,-T -Wl,../src/lscript.ld -L../../Lab1_bsp/ps7_cortexa9_0/lib -o "Lab1.elf"  ./src/LED_BUTTONS_TC.o   -Wl,--start-group,-lxil,-lgcc,-lc,--end-group
'Finished building target: Lab1.elf'
' '
'Invoking: ARM v7 Print Size'
arm-none-eabi-size Lab1.elf  |tee "Lab1.elf.size"
   text	   data	    bss	    dec	    hex	filename
  23380	   1184	  22632	  47196	   b85c	Lab1.elf
'Finished building: Lab1.elf.size'
' '
17:11:13 **** Auto Build of configuration Debug for project Lab1 ****
make pre-build main-build 
a9-linaro-pre-build-step
' '
'Building file: ../src/LED_BUTTONS_TC.c'
'Invoking: ARM v7 gcc compiler'
arm-none-eabi-gcc -Wall -O0 -g3 -c -fmessage-length=0 -MT"src/LED_BUTTONS_TC.o" -mcpu=cortex-a9 -mfpu=vfpv3 -mfloat-abi=hard -I../../Lab1_bsp/ps7_cortexa9_0/include -MMD -MP -MF"src/LED_BUTTONS_TC.d" -MT"src/LED_BUTTONS_TC.o" -o "src/LED_BUTTONS_TC.o" "../src/LED_BUTTONS_TC.c"
'Finished building: ../src/LED_BUTTONS_TC.c'
' '
'Building target: Lab1.elf'
'Invoking: ARM v7 gcc linker'
arm-none-eabi-gcc -mcpu=cortex-a9 -mfpu=vfpv3 -mfloat-abi=hard -Wl,-build-id=none -specs=Xilinx.spec -Wl,-T -Wl,../src/lscript.ld -L../../Lab1_bsp/ps7_cortexa9_0/lib -o "Lab1.elf"  ./src/LED_BUTTONS_TC.o   -Wl,--start-group,-lxil,-lgcc,-lc,--end-group
'Finished building target: Lab1.elf'
' '
'Invoking: ARM v7 Print Size'
arm-none-eabi-size Lab1.elf  |tee "Lab1.elf.size"
   text	   data	    bss	    dec	    hex	filename
  23380	   1184	  22616	  47180	   b84c	Lab1.elf
'Finished building: Lab1.elf.size'
' '
17:11:37 **** Auto Build of configuration Debug for project Lab1 ****
make pre-build main-build 
a9-linaro-pre-build-step
' '
'Building file: ../src/LED_BUTTONS_TC.c'
'Invoking: ARM v7 gcc compiler'
arm-none-eabi-gcc -Wall -O0 -g3 -c -fmessage-length=0 -MT"src/LED_BUTTONS_TC.o" -mcpu=cortex-a9 -mfpu=vfpv3 -mfloat-abi=hard -I../../Lab1_bsp/ps7_cortexa9_0/include -MMD -MP -MF"src/LED_BUTTONS_TC.d" -MT"src/LED_BUTTONS_TC.o" -o "src/LED_BUTTONS_TC.o" "../src/LED_BUTTONS_TC.c"
'Finished building: ../src/LED_BUTTONS_TC.c'
' '
'Building target: Lab1.elf'
'Invoking: ARM v7 gcc linker'
arm-none-eabi-gcc -mcpu=cortex-a9 -mfpu=vfpv3 -mfloat-abi=hard -Wl,-build-id=none -specs=Xilinx.spec -Wl,-T -Wl,../src/lscript.ld -L../../Lab1_bsp/ps7_cortexa9_0/lib -o "Lab1.elf"  ./src/LED_BUTTONS_TC.o   -Wl,--start-group,-lxil,-lgcc,-lc,--end-group
'Finished building target: Lab1.elf'
' '
'Invoking: ARM v7 Print Size'
arm-none-eabi-size Lab1.elf  |tee "Lab1.elf.size"
   text	   data	    bss	    dec	    hex	filename
  23380	   1184	  22616	  47180	   b84c	Lab1.elf
'Finished building: Lab1.elf.size'
' '
17:14:20 **** Auto Build of configuration Debug for project Lab1 ****
make pre-build main-build 
a9-linaro-pre-build-step
' '
'Building file: ../src/LED_BUTTONS_TC.c'
'Invoking: ARM v7 gcc compiler'
arm-none-eabi-gcc -Wall -O0 -g3 -c -fmessage-length=0 -MT"src/LED_BUTTONS_TC.o" -mcpu=cortex-a9 -mfpu=vfpv3 -mfloat-abi=hard -I../../Lab1_bsp/ps7_cortexa9_0/include -MMD -MP -MF"src/LED_BUTTONS_TC.d" -MT"src/LED_BUTTONS_TC.o" -o "src/LED_BUTTONS_TC.o" "../src/LED_BUTTONS_TC.c"
../src/LED_BUTTONS_TC.c: In function 'LEDOutputExample':
../src/LED_BUTTONS_TC.c:60:7: error: 'status' undeclared (first use in this function); did you mean 'Status'?
   if (status != XST_SUCCESS)
       ^~~~~~
       Status
../src/LED_BUTTONS_TC.c:60:7: note: each undeclared identifier is reported only once for each function it appears in
make: *** [src/subdir.mk:23: src/LED_BUTTONS_TC.o] Error 1
17:14:30 **** Auto Build of configuration Debug for project Lab1 ****
make pre-build main-build 
a9-linaro-pre-build-step
' '
'Building file: ../src/LED_BUTTONS_TC.c'
'Invoking: ARM v7 gcc compiler'
arm-none-eabi-gcc -Wall -O0 -g3 -c -fmessage-length=0 -MT"src/LED_BUTTONS_TC.o" -mcpu=cortex-a9 -mfpu=vfpv3 -mfloat-abi=hard -I../../Lab1_bsp/ps7_cortexa9_0/include -MMD -MP -MF"src/LED_BUTTONS_TC.d" -MT"src/LED_BUTTONS_TC.o" -o "src/LED_BUTTONS_TC.o" "../src/LED_BUTTONS_TC.c"
../src/LED_BUTTONS_TC.c: In function 'LEDOutputExample':
../src/LED_BUTTONS_TC.c:65:7: error: 'status' undeclared (first use in this function); did you mean 'Status'?
   if (status != XST_SUCCESS)
       ^~~~~~
       Status
../src/LED_BUTTONS_TC.c:65:7: note: each undeclared identifier is reported only once for each function it appears in
make: *** [src/subdir.mk:23: src/LED_BUTTONS_TC.o] Error 1
17:14:33 **** Auto Build of configuration Debug for project Lab1 ****
make pre-build main-build 
a9-linaro-pre-build-step
' '
'Building file: ../src/LED_BUTTONS_TC.c'
'Invoking: ARM v7 gcc compiler'
arm-none-eabi-gcc -Wall -O0 -g3 -c -fmessage-length=0 -MT"src/LED_BUTTONS_TC.o" -mcpu=cortex-a9 -mfpu=vfpv3 -mfloat-abi=hard -I../../Lab1_bsp/ps7_cortexa9_0/include -MMD -MP -MF"src/LED_BUTTONS_TC.d" -MT"src/LED_BUTTONS_TC.o" -o "src/LED_BUTTONS_TC.o" "../src/LED_BUTTONS_TC.c"
../src/LED_BUTTONS_TC.c: In function 'LEDOutputExample':
../src/LED_BUTTONS_TC.c:65:7: error: 'tatus' undeclared (first use in this function); did you mean 'Status'?
   if (tatus != XST_SUCCESS)
       ^~~~~
       Status
../src/LED_BUTTONS_TC.c:65:7: note: each undeclared identifier is reported only once for each function it appears in
make: *** [src/subdir.mk:23: src/LED_BUTTONS_TC.o] Error 1
17:14:50 **** Auto Build of configuration Debug for project Lab1 ****
make pre-build main-build 
a9-linaro-pre-build-step
' '
'Building file: ../src/LED_BUTTONS_TC.c'
'Invoking: ARM v7 gcc compiler'
arm-none-eabi-gcc -Wall -O0 -g3 -c -fmessage-length=0 -MT"src/LED_BUTTONS_TC.o" -mcpu=cortex-a9 -mfpu=vfpv3 -mfloat-abi=hard -I../../Lab1_bsp/ps7_cortexa9_0/include -MMD -MP -MF"src/LED_BUTTONS_TC.d" -MT"src/LED_BUTTONS_TC.o" -o "src/LED_BUTTONS_TC.o" "../src/LED_BUTTONS_TC.c"
../src/LED_BUTTONS_TC.c: In function 'LEDOutputExample':
../src/LED_BUTTONS_TC.c:65:7: error: 'tatus' undeclared (first use in this function); did you mean 'Status'?
   if (tatus != XST_SUCCESS)
       ^~~~~
       Status
../src/LED_BUTTONS_TC.c:65:7: note: each undeclared identifier is reported only once for each function it appears in
make: *** [src/subdir.mk:23: src/LED_BUTTONS_TC.o] Error 1
17:14:55 **** Auto Build of configuration Debug for project Lab1 ****
make pre-build main-build 
a9-linaro-pre-build-step
' '
'Building file: ../src/LED_BUTTONS_TC.c'
'Invoking: ARM v7 gcc compiler'
arm-none-eabi-gcc -Wall -O0 -g3 -c -fmessage-length=0 -MT"src/LED_BUTTONS_TC.o" -mcpu=cortex-a9 -mfpu=vfpv3 -mfloat-abi=hard -I../../Lab1_bsp/ps7_cortexa9_0/include -MMD -MP -MF"src/LED_BUTTONS_TC.d" -MT"src/LED_BUTTONS_TC.o" -o "src/LED_BUTTONS_TC.o" "../src/LED_BUTTONS_TC.c"
'Finished building: ../src/LED_BUTTONS_TC.c'
' '
'Building target: Lab1.elf'
'Invoking: ARM v7 gcc linker'
arm-none-eabi-gcc -mcpu=cortex-a9 -mfpu=vfpv3 -mfloat-abi=hard -Wl,-build-id=none -specs=Xilinx.spec -Wl,-T -Wl,../src/lscript.ld -L../../Lab1_bsp/ps7_cortexa9_0/lib -o "Lab1.elf"  ./src/LED_BUTTONS_TC.o   -Wl,--start-group,-lxil,-lgcc,-lc,--end-group
'Finished building target: Lab1.elf'
' '
'Invoking: ARM v7 Print Size'
arm-none-eabi-size Lab1.elf  |tee "Lab1.elf.size"
   text	   data	    bss	    dec	    hex	filename
  23508	   1184	  22616	  47308	   b8cc	Lab1.elf
'Finished building: Lab1.elf.size'
' '
17:17:19 **** Auto Build of configuration Debug for project Lab1 ****
make pre-build main-build 
a9-linaro-pre-build-step
' '
'Building file: ../src/LED_BUTTONS_TC.c'
'Invoking: ARM v7 gcc compiler'
arm-none-eabi-gcc -Wall -O0 -g3 -c -fmessage-length=0 -MT"src/LED_BUTTONS_TC.o" -mcpu=cortex-a9 -mfpu=vfpv3 -mfloat-abi=hard -I../../Lab1_bsp/ps7_cortexa9_0/include -MMD -MP -MF"src/LED_BUTTONS_TC.d" -MT"src/LED_BUTTONS_TC.o" -o "src/LED_BUTTONS_TC.o" "../src/LED_BUTTONS_TC.c"
'Finished building: ../src/LED_BUTTONS_TC.c'
' '
'Building target: Lab1.elf'
'Invoking: ARM v7 gcc linker'
arm-none-eabi-gcc -mcpu=cortex-a9 -mfpu=vfpv3 -mfloat-abi=hard -Wl,-build-id=none -specs=Xilinx.spec -Wl,-T -Wl,../src/lscript.ld -L../../Lab1_bsp/ps7_cortexa9_0/lib -o "Lab1.elf"  ./src/LED_BUTTONS_TC.o   -Wl,--start-group,-lxil,-lgcc,-lc,--end-group
'Finished building target: Lab1.elf'
' '
'Invoking: ARM v7 Print Size'
arm-none-eabi-size Lab1.elf  |tee "Lab1.elf.size"
   text	   data	    bss	    dec	    hex	filename
  23508	   1184	  22616	  47308	   b8cc	Lab1.elf
'Finished building: Lab1.elf.size'
' '
17:20:06 **** Auto Build of configuration Debug for project Lab1 ****
make pre-build main-build 
a9-linaro-pre-build-step
' '
'Building file: ../src/LED_BUTTONS_TC.c'
'Invoking: ARM v7 gcc compiler'
arm-none-eabi-gcc -Wall -O0 -g3 -c -fmessage-length=0 -MT"src/LED_BUTTONS_TC.o" -mcpu=cortex-a9 -mfpu=vfpv3 -mfloat-abi=hard -I../../Lab1_bsp/ps7_cortexa9_0/include -MMD -MP -MF"src/LED_BUTTONS_TC.d" -MT"src/LED_BUTTONS_TC.o" -o "src/LED_BUTTONS_TC.o" "../src/LED_BUTTONS_TC.c"
'Finished building: ../src/LED_BUTTONS_TC.c'
' '
'Building target: Lab1.elf'
'Invoking: ARM v7 gcc linker'
arm-none-eabi-gcc -mcpu=cortex-a9 -mfpu=vfpv3 -mfloat-abi=hard -Wl,-build-id=none -specs=Xilinx.spec -Wl,-T -Wl,../src/lscript.ld -L../../Lab1_bsp/ps7_cortexa9_0/lib -o "Lab1.elf"  ./src/LED_BUTTONS_TC.o   -Wl,--start-group,-lxil,-lgcc,-lc,--end-group
'Finished building target: Lab1.elf'
' '
'Invoking: ARM v7 Print Size'
arm-none-eabi-size Lab1.elf  |tee "Lab1.elf.size"
   text	   data	    bss	    dec	    hex	filename
  23508	   1184	  22616	  47308	   b8cc	Lab1.elf
'Finished building: Lab1.elf.size'
' '
17:24:39 **** Auto Build of configuration Debug for project Lab1 ****
make pre-build main-build 
a9-linaro-pre-build-step
' '
'Building file: ../src/LED_BUTTONS_TC.c'
'Invoking: ARM v7 gcc compiler'
arm-none-eabi-gcc -Wall -O0 -g3 -c -fmessage-length=0 -MT"src/LED_BUTTONS_TC.o" -mcpu=cortex-a9 -mfpu=vfpv3 -mfloat-abi=hard -I../../Lab1_bsp/ps7_cortexa9_0/include -MMD -MP -MF"src/LED_BUTTONS_TC.d" -MT"src/LED_BUTTONS_TC.o" -o "src/LED_BUTTONS_TC.o" "../src/LED_BUTTONS_TC.c"
'Finished building: ../src/LED_BUTTONS_TC.c'
' '
'Building target: Lab1.elf'
'Invoking: ARM v7 gcc linker'
arm-none-eabi-gcc -mcpu=cortex-a9 -mfpu=vfpv3 -mfloat-abi=hard -Wl,-build-id=none -specs=Xilinx.spec -Wl,-T -Wl,../src/lscript.ld -L../../Lab1_bsp/ps7_cortexa9_0/lib -o "Lab1.elf"  ./src/LED_BUTTONS_TC.o   -Wl,--start-group,-lxil,-lgcc,-lc,--end-group
'Finished building target: Lab1.elf'
' '
'Invoking: ARM v7 Print Size'
arm-none-eabi-size Lab1.elf  |tee "Lab1.elf.size"
   text	   data	    bss	    dec	    hex	filename
  23508	   1184	  22616	  47308	   b8cc	Lab1.elf
'Finished building: Lab1.elf.size'
' '
17:25:29 **** Auto Build of configuration Debug for project Lab1 ****
make pre-build main-build 
a9-linaro-pre-build-step
' '
'Building file: ../src/LED_BUTTONS_TC.c'
'Invoking: ARM v7 gcc compiler'
arm-none-eabi-gcc -Wall -O0 -g3 -c -fmessage-length=0 -MT"src/LED_BUTTONS_TC.o" -mcpu=cortex-a9 -mfpu=vfpv3 -mfloat-abi=hard -I../../Lab1_bsp/ps7_cortexa9_0/include -MMD -MP -MF"src/LED_BUTTONS_TC.d" -MT"src/LED_BUTTONS_TC.o" -o "src/LED_BUTTONS_TC.o" "../src/LED_BUTTONS_TC.c"
'Finished building: ../src/LED_BUTTONS_TC.c'
' '
'Building target: Lab1.elf'
'Invoking: ARM v7 gcc linker'
arm-none-eabi-gcc -mcpu=cortex-a9 -mfpu=vfpv3 -mfloat-abi=hard -Wl,-build-id=none -specs=Xilinx.spec -Wl,-T -Wl,../src/lscript.ld -L../../Lab1_bsp/ps7_cortexa9_0/lib -o "Lab1.elf"  ./src/LED_BUTTONS_TC.o   -Wl,--start-group,-lxil,-lgcc,-lc,--end-group
'Finished building target: Lab1.elf'
' '
'Invoking: ARM v7 Print Size'
arm-none-eabi-size Lab1.elf  |tee "Lab1.elf.size"
   text	   data	    bss	    dec	    hex	filename
  23508	   1184	  22616	  47308	   b8cc	Lab1.elf
'Finished building: Lab1.elf.size'
' '
17:38:42 **** Auto Build of configuration Debug for project Lab1 ****
make pre-build main-build 
a9-linaro-pre-build-step
' '
'Building file: ../src/LED_BUTTONS_TC.c'
'Invoking: ARM v7 gcc compiler'
arm-none-eabi-gcc -Wall -O0 -g3 -c -fmessage-length=0 -MT"src/LED_BUTTONS_TC.o" -mcpu=cortex-a9 -mfpu=vfpv3 -mfloat-abi=hard -I../../Lab1_bsp/ps7_cortexa9_0/include -MMD -MP -MF"src/LED_BUTTONS_TC.d" -MT"src/LED_BUTTONS_TC.o" -o "src/LED_BUTTONS_TC.o" "../src/LED_BUTTONS_TC.c"
../src/LED_BUTTONS_TC.c: In function 'LEDOutputExample':
../src/LED_BUTTONS_TC.c:94:11: error: expected expression before ')' token
   else if()
           ^
make: *** [src/subdir.mk:23: src/LED_BUTTONS_TC.o] Error 1
17:42:45 **** Auto Build of configuration Debug for project Lab1 ****
make pre-build main-build 
a9-linaro-pre-build-step
' '
'Building file: ../src/LED_BUTTONS_TC.c'
'Invoking: ARM v7 gcc compiler'
arm-none-eabi-gcc -Wall -O0 -g3 -c -fmessage-length=0 -MT"src/LED_BUTTONS_TC.o" -mcpu=cortex-a9 -mfpu=vfpv3 -mfloat-abi=hard -I../../Lab1_bsp/ps7_cortexa9_0/include -MMD -MP -MF"src/LED_BUTTONS_TC.d" -MT"src/LED_BUTTONS_TC.o" -o "src/LED_BUTTONS_TC.o" "../src/LED_BUTTONS_TC.c"
../src/LED_BUTTONS_TC.c: In function 'LEDOutputExample':
../src/LED_BUTTONS_TC.c:96:11: error: expected expression before ')' token
   else if()
           ^
make: *** [src/subdir.mk:23: src/LED_BUTTONS_TC.o] Error 1
18:04:18 **** Auto Build of configuration Debug for project Lab1 ****
make pre-build main-build 
a9-linaro-pre-build-step
' '
'Building file: ../src/LED_BUTTONS_TC.c'
'Invoking: ARM v7 gcc compiler'
arm-none-eabi-gcc -Wall -O0 -g3 -c -fmessage-length=0 -MT"src/LED_BUTTONS_TC.o" -mcpu=cortex-a9 -mfpu=vfpv3 -mfloat-abi=hard -I../../Lab1_bsp/ps7_cortexa9_0/include -MMD -MP -MF"src/LED_BUTTONS_TC.d" -MT"src/LED_BUTTONS_TC.o" -o "src/LED_BUTTONS_TC.o" "../src/LED_BUTTONS_TC.c"
../src/LED_BUTTONS_TC.c: In function 'LEDOutputExample':
../src/LED_BUTTONS_TC.c:120:15: warning: suggest parentheses around arithmetic in operand of '^' [-Wparentheses]
     led = led + 2^count;
           ~~~~^~~
../src/LED_BUTTONS_TC.c:125:15: warning: suggest parentheses around arithmetic in operand of '^' [-Wparentheses]
     led = led - 2^count;
           ~~~~^~~
'Finished building: ../src/LED_BUTTONS_TC.c'
' '
'Building target: Lab1.elf'
'Invoking: ARM v7 gcc linker'
arm-none-eabi-gcc -mcpu=cortex-a9 -mfpu=vfpv3 -mfloat-abi=hard -Wl,-build-id=none -specs=Xilinx.spec -Wl,-T -Wl,../src/lscript.ld -L../../Lab1_bsp/ps7_cortexa9_0/lib -o "Lab1.elf"  ./src/LED_BUTTONS_TC.o   -Wl,--start-group,-lxil,-lgcc,-lc,--end-group
'Finished building target: Lab1.elf'
' '
'Invoking: ARM v7 Print Size'
arm-none-eabi-size Lab1.elf  |tee "Lab1.elf.size"
   text	   data	    bss	    dec	    hex	filename
  23956	   1184	  22616	  47756	   ba8c	Lab1.elf
'Finished building: Lab1.elf.size'
' '
18:13:43 **** Auto Build of configuration Debug for project Lab1 ****
make pre-build main-build 
a9-linaro-pre-build-step
' '
'Building file: ../src/LED_BUTTONS_TC.c'
'Invoking: ARM v7 gcc compiler'
arm-none-eabi-gcc -Wall -O0 -g3 -c -fmessage-length=0 -MT"src/LED_BUTTONS_TC.o" -mcpu=cortex-a9 -mfpu=vfpv3 -mfloat-abi=hard -I../../Lab1_bsp/ps7_cortexa9_0/include -MMD -MP -MF"src/LED_BUTTONS_TC.d" -MT"src/LED_BUTTONS_TC.o" -o "src/LED_BUTTONS_TC.o" "../src/LED_BUTTONS_TC.c"
../src/LED_BUTTONS_TC.c: In function 'LEDOutputExample':
../src/LED_BUTTONS_TC.c:120:15: warning: suggest parentheses around arithmetic in operand of '^' [-Wparentheses]
     led = led + 2^(count);
           ~~~~^~~
../src/LED_BUTTONS_TC.c:125:15: warning: suggest parentheses around arithmetic in operand of '^' [-Wparentheses]
     led = led - 2^(count);
           ~~~~^~~
'Finished building: ../src/LED_BUTTONS_TC.c'
' '
'Building target: Lab1.elf'
'Invoking: ARM v7 gcc linker'
arm-none-eabi-gcc -mcpu=cortex-a9 -mfpu=vfpv3 -mfloat-abi=hard -Wl,-build-id=none -specs=Xilinx.spec -Wl,-T -Wl,../src/lscript.ld -L../../Lab1_bsp/ps7_cortexa9_0/lib -o "Lab1.elf"  ./src/LED_BUTTONS_TC.o   -Wl,--start-group,-lxil,-lgcc,-lc,--end-group
'Finished building target: Lab1.elf'
' '
'Invoking: ARM v7 Print Size'
arm-none-eabi-size Lab1.elf  |tee "Lab1.elf.size"
   text	   data	    bss	    dec	    hex	filename
  24084	   1184	  22616	  47884	   bb0c	Lab1.elf
'Finished building: Lab1.elf.size'
' '
18:14:14 **** Auto Build of configuration Debug for project Lab1 ****
make pre-build main-build 
a9-linaro-pre-build-step
' '
'Building file: ../src/LED_BUTTONS_TC.c'
'Invoking: ARM v7 gcc compiler'
arm-none-eabi-gcc -Wall -O0 -g3 -c -fmessage-length=0 -MT"src/LED_BUTTONS_TC.o" -mcpu=cortex-a9 -mfpu=vfpv3 -mfloat-abi=hard -I../../Lab1_bsp/ps7_cortexa9_0/include -MMD -MP -MF"src/LED_BUTTONS_TC.d" -MT"src/LED_BUTTONS_TC.o" -o "src/LED_BUTTONS_TC.o" "../src/LED_BUTTONS_TC.c"
../src/LED_BUTTONS_TC.c: In function 'LEDOutputExample':
../src/LED_BUTTONS_TC.c:120:15: warning: suggest parentheses around arithmetic in operand of '^' [-Wparentheses]
     led = led + 2^(count);
           ~~~~^~~
../src/LED_BUTTONS_TC.c:125:15: warning: suggest parentheses around arithmetic in operand of '^' [-Wparentheses]
     led = led - 2^(count);
           ~~~~^~~
'Finished building: ../src/LED_BUTTONS_TC.c'
' '
'Building target: Lab1.elf'
'Invoking: ARM v7 gcc linker'
arm-none-eabi-gcc -mcpu=cortex-a9 -mfpu=vfpv3 -mfloat-abi=hard -Wl,-build-id=none -specs=Xilinx.spec -Wl,-T -Wl,../src/lscript.ld -L../../Lab1_bsp/ps7_cortexa9_0/lib -o "Lab1.elf"  ./src/LED_BUTTONS_TC.o   -Wl,--start-group,-lxil,-lgcc,-lc,--end-group
'Finished building target: Lab1.elf'
' '
'Invoking: ARM v7 Print Size'
arm-none-eabi-size Lab1.elf  |tee "Lab1.elf.size"
   text	   data	    bss	    dec	    hex	filename
  24148	   1184	  22616	  47948	   bb4c	Lab1.elf
'Finished building: Lab1.elf.size'
' '
18:14:29 **** Auto Build of configuration Debug for project Lab1 ****
make pre-build main-build 
a9-linaro-pre-build-step
' '
'Building file: ../src/LED_BUTTONS_TC.c'
'Invoking: ARM v7 gcc compiler'
arm-none-eabi-gcc -Wall -O0 -g3 -c -fmessage-length=0 -MT"src/LED_BUTTONS_TC.o" -mcpu=cortex-a9 -mfpu=vfpv3 -mfloat-abi=hard -I../../Lab1_bsp/ps7_cortexa9_0/include -MMD -MP -MF"src/LED_BUTTONS_TC.d" -MT"src/LED_BUTTONS_TC.o" -o "src/LED_BUTTONS_TC.o" "../src/LED_BUTTONS_TC.c"
../src/LED_BUTTONS_TC.c: In function 'LEDOutputExample':
../src/LED_BUTTONS_TC.c:120:15: warning: suggest parentheses around arithmetic in operand of '^' [-Wparentheses]
     led = led + 2^(count);
           ~~~~^~~
../src/LED_BUTTONS_TC.c:125:15: warning: suggest parentheses around arithmetic in operand of '^' [-Wparentheses]
     led = led - 2^(count);
           ~~~~^~~
'Finished building: ../src/LED_BUTTONS_TC.c'
' '
'Building target: Lab1.elf'
'Invoking: ARM v7 gcc linker'
arm-none-eabi-gcc -mcpu=cortex-a9 -mfpu=vfpv3 -mfloat-abi=hard -Wl,-build-id=none -specs=Xilinx.spec -Wl,-T -Wl,../src/lscript.ld -L../../Lab1_bsp/ps7_cortexa9_0/lib -o "Lab1.elf"  ./src/LED_BUTTONS_TC.o   -Wl,--start-group,-lxil,-lgcc,-lc,--end-group
'Finished building target: Lab1.elf'
' '
'Invoking: ARM v7 Print Size'
arm-none-eabi-size Lab1.elf  |tee "Lab1.elf.size"
   text	   data	    bss	    dec	    hex	filename
  24148	   1184	  22616	  47948	   bb4c	Lab1.elf
'Finished building: Lab1.elf.size'
' '
18:17:39 **** Auto Build of configuration Debug for project Lab1 ****
make pre-build main-build 
a9-linaro-pre-build-step
' '
'Building file: ../src/LED_BUTTONS_TC.c'
'Invoking: ARM v7 gcc compiler'
arm-none-eabi-gcc -Wall -O0 -g3 -c -fmessage-length=0 -MT"src/LED_BUTTONS_TC.o" -mcpu=cortex-a9 -mfpu=vfpv3 -mfloat-abi=hard -I../../Lab1_bsp/ps7_cortexa9_0/include -MMD -MP -MF"src/LED_BUTTONS_TC.d" -MT"src/LED_BUTTONS_TC.o" -o "src/LED_BUTTONS_TC.o" "../src/LED_BUTTONS_TC.c"
../src/LED_BUTTONS_TC.c: In function 'LEDOutputExample':
../src/LED_BUTTONS_TC.c:120:15: warning: suggest parentheses around arithmetic in operand of '^' [-Wparentheses]
     led = led + 2^(count);
           ~~~~^~~
../src/LED_BUTTONS_TC.c:125:15: warning: suggest parentheses around arithmetic in operand of '^' [-Wparentheses]
     led = led - 2^(count);
           ~~~~^~~
'Finished building: ../src/LED_BUTTONS_TC.c'
' '
'Building target: Lab1.elf'
'Invoking: ARM v7 gcc linker'
arm-none-eabi-gcc -mcpu=cortex-a9 -mfpu=vfpv3 -mfloat-abi=hard -Wl,-build-id=none -specs=Xilinx.spec -Wl,-T -Wl,../src/lscript.ld -L../../Lab1_bsp/ps7_cortexa9_0/lib -o "Lab1.elf"  ./src/LED_BUTTONS_TC.o   -Wl,--start-group,-lxil,-lgcc,-lc,--end-group
'Finished building target: Lab1.elf'
' '
'Invoking: ARM v7 Print Size'
arm-none-eabi-size Lab1.elf  |tee "Lab1.elf.size"
   text	   data	    bss	    dec	    hex	filename
  24148	   1184	  22616	  47948	   bb4c	Lab1.elf
'Finished building: Lab1.elf.size'
' '
18:43:06 **** Incremental Build of configuration Debug for project Lab1 ****
make pre-build main-build 
a9-linaro-pre-build-step
' '
make: Nothing to be done for 'main-build'.
18:44:50 **** Incremental Build of configuration Debug for project Lab1 ****
make pre-build main-build 
a9-linaro-pre-build-step
' '
make: Nothing to be done for 'main-build'.
18:47:01 **** Incremental Build of configuration Debug for project Lab1 ****
make pre-build main-build 
a9-linaro-pre-build-step
' '
make: Nothing to be done for 'main-build'.
18:47:11 **** Incremental Build of configuration Debug for project Lab1 ****
make pre-build main-build 
a9-linaro-pre-build-step
' '
make: Nothing to be done for 'main-build'.
18:48:30 **** Incremental Build of configuration Debug for project Lab1 ****
make pre-build main-build 
a9-linaro-pre-build-step
' '
make: Nothing to be done for 'main-build'.
18:49:08 **** Incremental Build of configuration Debug for project Lab1 ****
make pre-build main-build 
a9-linaro-pre-build-step
' '
make: Nothing to be done for 'main-build'.
18:49:31 **** Incremental Build of configuration Debug for project Lab1 ****
make pre-build main-build 
a9-linaro-pre-build-step
' '
make: Nothing to be done for 'main-build'.
18:55:59 **** Incremental Build of configuration Debug for project Lab1 ****
make pre-build main-build 
a9-linaro-pre-build-step
' '
make: Nothing to be done for 'main-build'.
19:02:05 **** Auto Build of configuration Debug for project Lab1 ****
make pre-build main-build 
a9-linaro-pre-build-step
' '
'Building file: ../src/LED_BUTTONS_TC.c'
'Invoking: ARM v7 gcc compiler'
arm-none-eabi-gcc -Wall -O0 -g3 -c -fmessage-length=0 -MT"src/LED_BUTTONS_TC.o" -mcpu=cortex-a9 -mfpu=vfpv3 -mfloat-abi=hard -I../../Lab1_bsp/ps7_cortexa9_0/include -MMD -MP -MF"src/LED_BUTTONS_TC.d" -MT"src/LED_BUTTONS_TC.o" -o "src/LED_BUTTONS_TC.o" "../src/LED_BUTTONS_TC.c"
../src/LED_BUTTONS_TC.c: In function 'LEDOutputExample':
../src/LED_BUTTONS_TC.c:114:15: warning: suggest parentheses around arithmetic in operand of '^' [-Wparentheses]
     led = led + 2^(count);
           ~~~~^~~
../src/LED_BUTTONS_TC.c:119:15: warning: suggest parentheses around arithmetic in operand of '^' [-Wparentheses]
     led = led - 2^(count);
           ~~~~^~~
'Finished building: ../src/LED_BUTTONS_TC.c'
' '
'Building target: Lab1.elf'
'Invoking: ARM v7 gcc linker'
arm-none-eabi-gcc -mcpu=cortex-a9 -mfpu=vfpv3 -mfloat-abi=hard -Wl,-build-id=none -specs=Xilinx.spec -Wl,-T -Wl,../src/lscript.ld -L../../Lab1_bsp/ps7_cortexa9_0/lib -o "Lab1.elf"  ./src/LED_BUTTONS_TC.o   -Wl,--start-group,-lxil,-lgcc,-lc,--end-group
'Finished building target: Lab1.elf'
' '
'Invoking: ARM v7 Print Size'
arm-none-eabi-size Lab1.elf  |tee "Lab1.elf.size"
   text	   data	    bss	    dec	    hex	filename
  24084	   1184	  22616	  47884	   bb0c	Lab1.elf
'Finished building: Lab1.elf.size'
' '
19:04:30 **** Auto Build of configuration Debug for project Lab1 ****
make pre-build main-build 
a9-linaro-pre-build-step
' '
'Building file: ../src/LED_BUTTONS_TC.c'
'Invoking: ARM v7 gcc compiler'
arm-none-eabi-gcc -Wall -O0 -g3 -c -fmessage-length=0 -MT"src/LED_BUTTONS_TC.o" -mcpu=cortex-a9 -mfpu=vfpv3 -mfloat-abi=hard -I../../Lab1_bsp/ps7_cortexa9_0/include -MMD -MP -MF"src/LED_BUTTONS_TC.d" -MT"src/LED_BUTTONS_TC.o" -o "src/LED_BUTTONS_TC.o" "../src/LED_BUTTONS_TC.c"
../src/LED_BUTTONS_TC.c: In function 'LEDOutputExample':
../src/LED_BUTTONS_TC.c:111:15: warning: suggest parentheses around arithmetic in operand of '^' [-Wparentheses]
     led = led + 2^(count);
           ~~~~^~~
../src/LED_BUTTONS_TC.c:116:15: warning: suggest parentheses around arithmetic in operand of '^' [-Wparentheses]
     led = led - 2^(count);
           ~~~~^~~
'Finished building: ../src/LED_BUTTONS_TC.c'
' '
'Building target: Lab1.elf'
'Invoking: ARM v7 gcc linker'
arm-none-eabi-gcc -mcpu=cortex-a9 -mfpu=vfpv3 -mfloat-abi=hard -Wl,-build-id=none -specs=Xilinx.spec -Wl,-T -Wl,../src/lscript.ld -L../../Lab1_bsp/ps7_cortexa9_0/lib -o "Lab1.elf"  ./src/LED_BUTTONS_TC.o   -Wl,--start-group,-lxil,-lgcc,-lc,--end-group
'Finished building target: Lab1.elf'
' '
'Invoking: ARM v7 Print Size'
arm-none-eabi-size Lab1.elf  |tee "Lab1.elf.size"
   text	   data	    bss	    dec	    hex	filename
  24084	   1184	  22616	  47884	   bb0c	Lab1.elf
'Finished building: Lab1.elf.size'
' '
19:15:22 **** Auto Build of configuration Debug for project Lab1 ****
make pre-build main-build 
a9-linaro-pre-build-step
' '
'Building file: ../src/LED_BUTTONS_TC.c'
'Invoking: ARM v7 gcc compiler'
arm-none-eabi-gcc -Wall -O0 -g3 -c -fmessage-length=0 -MT"src/LED_BUTTONS_TC.o" -mcpu=cortex-a9 -mfpu=vfpv3 -mfloat-abi=hard -I../../Lab1_bsp/ps7_cortexa9_0/include -MMD -MP -MF"src/LED_BUTTONS_TC.d" -MT"src/LED_BUTTONS_TC.o" -o "src/LED_BUTTONS_TC.o" "../src/LED_BUTTONS_TC.c"
../src/LED_BUTTONS_TC.c: In function 'LEDOutputExample':
../src/LED_BUTTONS_TC.c:110:15: warning: suggest parentheses around arithmetic in operand of '^' [-Wparentheses]
     led = led + 2^(count);
           ~~~~^~~
../src/LED_BUTTONS_TC.c:115:15: warning: suggest parentheses around arithmetic in operand of '^' [-Wparentheses]
     led = led - 2^(count);
           ~~~~^~~
'Finished building: ../src/LED_BUTTONS_TC.c'
' '
'Building target: Lab1.elf'
'Invoking: ARM v7 gcc linker'
arm-none-eabi-gcc -mcpu=cortex-a9 -mfpu=vfpv3 -mfloat-abi=hard -Wl,-build-id=none -specs=Xilinx.spec -Wl,-T -Wl,../src/lscript.ld -L../../Lab1_bsp/ps7_cortexa9_0/lib -o "Lab1.elf"  ./src/LED_BUTTONS_TC.o   -Wl,--start-group,-lxil,-lgcc,-lc,--end-group
'Finished building target: Lab1.elf'
' '
'Invoking: ARM v7 Print Size'
arm-none-eabi-size Lab1.elf  |tee "Lab1.elf.size"
   text	   data	    bss	    dec	    hex	filename
  24084	   1184	  22616	  47884	   bb0c	Lab1.elf
'Finished building: Lab1.elf.size'
' '
19:20:01 **** Auto Build of configuration Debug for project Lab1 ****
make pre-build main-build 
a9-linaro-pre-build-step
' '
'Building file: ../src/LED_BUTTONS_TC.c'
'Invoking: ARM v7 gcc compiler'
arm-none-eabi-gcc -Wall -O0 -g3 -c -fmessage-length=0 -MT"src/LED_BUTTONS_TC.o" -mcpu=cortex-a9 -mfpu=vfpv3 -mfloat-abi=hard -I../../Lab1_bsp/ps7_cortexa9_0/include -MMD -MP -MF"src/LED_BUTTONS_TC.d" -MT"src/LED_BUTTONS_TC.o" -o "src/LED_BUTTONS_TC.o" "../src/LED_BUTTONS_TC.c"
../src/LED_BUTTONS_TC.c: In function 'LEDOutputExample':
../src/LED_BUTTONS_TC.c:111:15: warning: suggest parentheses around arithmetic in operand of '^' [-Wparentheses]
     led = led + 2^(count);
           ~~~~^~~
../src/LED_BUTTONS_TC.c:116:15: warning: suggest parentheses around arithmetic in operand of '^' [-Wparentheses]
     led = led - 2^(count);
           ~~~~^~~
'Finished building: ../src/LED_BUTTONS_TC.c'
' '
'Building target: Lab1.elf'
'Invoking: ARM v7 gcc linker'
arm-none-eabi-gcc -mcpu=cortex-a9 -mfpu=vfpv3 -mfloat-abi=hard -Wl,-build-id=none -specs=Xilinx.spec -Wl,-T -Wl,../src/lscript.ld -L../../Lab1_bsp/ps7_cortexa9_0/lib -o "Lab1.elf"  ./src/LED_BUTTONS_TC.o   -Wl,--start-group,-lxil,-lgcc,-lc,--end-group
'Finished building target: Lab1.elf'
' '
'Invoking: ARM v7 Print Size'
arm-none-eabi-size Lab1.elf  |tee "Lab1.elf.size"
   text	   data	    bss	    dec	    hex	filename
  24084	   1184	  22616	  47884	   bb0c	Lab1.elf
'Finished building: Lab1.elf.size'
' '
19:20:11 **** Auto Build of configuration Debug for project Lab1 ****
make pre-build main-build 
a9-linaro-pre-build-step
' '
'Building file: ../src/LED_BUTTONS_TC.c'
'Invoking: ARM v7 gcc compiler'
arm-none-eabi-gcc -Wall -O0 -g3 -c -fmessage-length=0 -MT"src/LED_BUTTONS_TC.o" -mcpu=cortex-a9 -mfpu=vfpv3 -mfloat-abi=hard -I../../Lab1_bsp/ps7_cortexa9_0/include -MMD -MP -MF"src/LED_BUTTONS_TC.d" -MT"src/LED_BUTTONS_TC.o" -o "src/LED_BUTTONS_TC.o" "../src/LED_BUTTONS_TC.c"
../src/LED_BUTTONS_TC.c: In function 'LEDOutputExample':
../src/LED_BUTTONS_TC.c:111:15: warning: suggest parentheses around arithmetic in operand of '^' [-Wparentheses]
     led = led + 2^(count);
           ~~~~^~~
../src/LED_BUTTONS_TC.c:116:15: warning: suggest parentheses around arithmetic in operand of '^' [-Wparentheses]
     led = led - 2^(count);
           ~~~~^~~
'Finished building: ../src/LED_BUTTONS_TC.c'
' '
'Building target: Lab1.elf'
'Invoking: ARM v7 gcc linker'
arm-none-eabi-gcc -mcpu=cortex-a9 -mfpu=vfpv3 -mfloat-abi=hard -Wl,-build-id=none -specs=Xilinx.spec -Wl,-T -Wl,../src/lscript.ld -L../../Lab1_bsp/ps7_cortexa9_0/lib -o "Lab1.elf"  ./src/LED_BUTTONS_TC.o   -Wl,--start-group,-lxil,-lgcc,-lc,--end-group
'Finished building target: Lab1.elf'
' '
'Invoking: ARM v7 Print Size'
arm-none-eabi-size Lab1.elf  |tee "Lab1.elf.size"
   text	   data	    bss	    dec	    hex	filename
  24084	   1184	  22616	  47884	   bb0c	Lab1.elf
'Finished building: Lab1.elf.size'
' '
19:23:52 **** Auto Build of configuration Debug for project Lab1 ****
make pre-build main-build 
a9-linaro-pre-build-step
' '
'Building file: ../src/LED_BUTTONS_TC.c'
'Invoking: ARM v7 gcc compiler'
arm-none-eabi-gcc -Wall -O0 -g3 -c -fmessage-length=0 -MT"src/LED_BUTTONS_TC.o" -mcpu=cortex-a9 -mfpu=vfpv3 -mfloat-abi=hard -I../../Lab1_bsp/ps7_cortexa9_0/include -MMD -MP -MF"src/LED_BUTTONS_TC.d" -MT"src/LED_BUTTONS_TC.o" -o "src/LED_BUTTONS_TC.o" "../src/LED_BUTTONS_TC.c"
../src/LED_BUTTONS_TC.c: In function 'LEDOutputExample':
../src/LED_BUTTONS_TC.c:111:15: warning: suggest parentheses around arithmetic in operand of '^' [-Wparentheses]
     led = led + 2^(count);
           ~~~~^~~
../src/LED_BUTTONS_TC.c:116:15: warning: suggest parentheses around arithmetic in operand of '^' [-Wparentheses]
     led = led - 2^(count);
           ~~~~^~~
'Finished building: ../src/LED_BUTTONS_TC.c'
' '
'Building target: Lab1.elf'
'Invoking: ARM v7 gcc linker'
arm-none-eabi-gcc -mcpu=cortex-a9 -mfpu=vfpv3 -mfloat-abi=hard -Wl,-build-id=none -specs=Xilinx.spec -Wl,-T -Wl,../src/lscript.ld -L../../Lab1_bsp/ps7_cortexa9_0/lib -o "Lab1.elf"  ./src/LED_BUTTONS_TC.o   -Wl,--start-group,-lxil,-lgcc,-lc,--end-group
'Finished building target: Lab1.elf'
' '
'Invoking: ARM v7 Print Size'
arm-none-eabi-size Lab1.elf  |tee "Lab1.elf.size"
   text	   data	    bss	    dec	    hex	filename
  24084	   1184	  22616	  47884	   bb0c	Lab1.elf
'Finished building: Lab1.elf.size'
' '
19:30:44 **** Auto Build of configuration Debug for project Lab1 ****
make pre-build main-build 
a9-linaro-pre-build-step
' '
'Building file: ../src/LED_BUTTONS_TC.c'
'Invoking: ARM v7 gcc compiler'
arm-none-eabi-gcc -Wall -O0 -g3 -c -fmessage-length=0 -MT"src/LED_BUTTONS_TC.o" -mcpu=cortex-a9 -mfpu=vfpv3 -mfloat-abi=hard -I../../Lab1_bsp/ps7_cortexa9_0/include -MMD -MP -MF"src/LED_BUTTONS_TC.d" -MT"src/LED_BUTTONS_TC.o" -o "src/LED_BUTTONS_TC.o" "../src/LED_BUTTONS_TC.c"
../src/LED_BUTTONS_TC.c: In function 'LEDOutputExample':
../src/LED_BUTTONS_TC.c:73:34: error: 'LED_CHANNEL' undeclared (first use in this function)
    XGpio_DiscreteWrite(&LEDInst, LED_CHANNEL, led);
                                  ^~~~~~~~~~~
../src/LED_BUTTONS_TC.c:73:34: note: each undeclared identifier is reported only once for each function it appears in
../src/LED_BUTTONS_TC.c:109:15: warning: suggest parentheses around arithmetic in operand of '^' [-Wparentheses]
     led = led + 2^(count);
           ~~~~^~~
../src/LED_BUTTONS_TC.c:114:15: warning: suggest parentheses around arithmetic in operand of '^' [-Wparentheses]
     led = led - 2^(count);
           ~~~~^~~
make: *** [src/subdir.mk:23: src/LED_BUTTONS_TC.o] Error 1
19:31:14 **** Auto Build of configuration Debug for project Lab1 ****
make pre-build main-build 
a9-linaro-pre-build-step
' '
'Building file: ../src/LED_BUTTONS_TC.c'
'Invoking: ARM v7 gcc compiler'
arm-none-eabi-gcc -Wall -O0 -g3 -c -fmessage-length=0 -MT"src/LED_BUTTONS_TC.o" -mcpu=cortex-a9 -mfpu=vfpv3 -mfloat-abi=hard -I../../Lab1_bsp/ps7_cortexa9_0/include -MMD -MP -MF"src/LED_BUTTONS_TC.d" -MT"src/LED_BUTTONS_TC.o" -o "src/LED_BUTTONS_TC.o" "../src/LED_BUTTONS_TC.c"
../src/LED_BUTTONS_TC.c: In function 'LEDOutputExample':
../src/LED_BUTTONS_TC.c:110:15: warning: suggest parentheses around arithmetic in operand of '^' [-Wparentheses]
     led = led + 2^(count);
           ~~~~^~~
../src/LED_BUTTONS_TC.c:115:15: warning: suggest parentheses around arithmetic in operand of '^' [-Wparentheses]
     led = led - 2^(count);
           ~~~~^~~
'Finished building: ../src/LED_BUTTONS_TC.c'
' '
'Building target: Lab1.elf'
'Invoking: ARM v7 gcc linker'
arm-none-eabi-gcc -mcpu=cortex-a9 -mfpu=vfpv3 -mfloat-abi=hard -Wl,-build-id=none -specs=Xilinx.spec -Wl,-T -Wl,../src/lscript.ld -L../../Lab1_bsp/ps7_cortexa9_0/lib -o "Lab1.elf"  ./src/LED_BUTTONS_TC.o   -Wl,--start-group,-lxil,-lgcc,-lc,--end-group
'Finished building target: Lab1.elf'
' '
'Invoking: ARM v7 Print Size'
arm-none-eabi-size Lab1.elf  |tee "Lab1.elf.size"
   text	   data	    bss	    dec	    hex	filename
  24084	   1184	  22616	  47884	   bb0c	Lab1.elf
'Finished building: Lab1.elf.size'
' '
20:42:04 **** Incremental Build of configuration Debug for project Lab1 ****
make pre-build main-build 
a9-linaro-pre-build-step
' '
make: Nothing to be done for 'main-build'.
20:42:24 **** Incremental Build of configuration Debug for project Lab1 ****
make pre-build main-build 
a9-linaro-pre-build-step
' '
make: Nothing to be done for 'main-build'.
20:45:30 **** Auto Build of configuration Debug for project Lab1 ****
make pre-build main-build 
a9-linaro-pre-build-step
' '
'Building file: ../src/LED_BUTTONS_TC.c'
'Invoking: ARM v7 gcc compiler'
arm-none-eabi-gcc -Wall -O0 -g3 -c -fmessage-length=0 -MT"src/LED_BUTTONS_TC.o" -mcpu=cortex-a9 -mfpu=vfpv3 -mfloat-abi=hard -I../../Lab1_bsp/ps7_cortexa9_0/include -MMD -MP -MF"src/LED_BUTTONS_TC.d" -MT"src/LED_BUTTONS_TC.o" -o "src/LED_BUTTONS_TC.o" "../src/LED_BUTTONS_TC.c"
../src/LED_BUTTONS_TC.c: In function 'LEDOutputExample':
../src/LED_BUTTONS_TC.c:111:15: warning: suggest parentheses around arithmetic in operand of '^' [-Wparentheses]
     led = led + 2^(count);
           ~~~~^~~
../src/LED_BUTTONS_TC.c:116:15: warning: suggest parentheses around arithmetic in operand of '^' [-Wparentheses]
     led = led - 2^(count);
           ~~~~^~~
'Finished building: ../src/LED_BUTTONS_TC.c'
' '
'Building target: Lab1.elf'
'Invoking: ARM v7 gcc linker'
arm-none-eabi-gcc -mcpu=cortex-a9 -mfpu=vfpv3 -mfloat-abi=hard -Wl,-build-id=none -specs=Xilinx.spec -Wl,-T -Wl,../src/lscript.ld -L../../Lab1_bsp/ps7_cortexa9_0/lib -o "Lab1.elf"  ./src/LED_BUTTONS_TC.o   -Wl,--start-group,-lxil,-lgcc,-lc,--end-group
'Finished building target: Lab1.elf'
' '
'Invoking: ARM v7 Print Size'
arm-none-eabi-size Lab1.elf  |tee "Lab1.elf.size"
   text	   data	    bss	    dec	    hex	filename
  24088	   1184	  22616	  47888	   bb10	Lab1.elf
'Finished building: Lab1.elf.size'
' '
20:46:01 **** Incremental Build of configuration Debug for project Lab1 ****
make pre-build main-build 
a9-linaro-pre-build-step
' '
make: Nothing to be done for 'main-build'.
20:47:22 **** Auto Build of configuration Debug for project Lab1 ****
make pre-build main-build 
a9-linaro-pre-build-step
' '
'Building file: ../src/LED_BUTTONS_TC.c'
'Invoking: ARM v7 gcc compiler'
arm-none-eabi-gcc -Wall -O0 -g3 -c -fmessage-length=0 -MT"src/LED_BUTTONS_TC.o" -mcpu=cortex-a9 -mfpu=vfpv3 -mfloat-abi=hard -I../../Lab1_bsp/ps7_cortexa9_0/include -MMD -MP -MF"src/LED_BUTTONS_TC.d" -MT"src/LED_BUTTONS_TC.o" -o "src/LED_BUTTONS_TC.o" "../src/LED_BUTTONS_TC.c"
../src/LED_BUTTONS_TC.c: In function 'LEDOutputExample':
../src/LED_BUTTONS_TC.c:112:15: warning: suggest parentheses around arithmetic in operand of '^' [-Wparentheses]
     led = led + 2^(count);
           ~~~~^~~
../src/LED_BUTTONS_TC.c:117:15: warning: suggest parentheses around arithmetic in operand of '^' [-Wparentheses]
     led = led - 2^(count);
           ~~~~^~~
../src/LED_BUTTONS_TC.c:46:6: warning: unused variable 'Buttons' [-Wunused-variable]
  u32 Buttons;
      ^~~~~~~
'Finished building: ../src/LED_BUTTONS_TC.c'
' '
'Building target: Lab1.elf'
'Invoking: ARM v7 gcc linker'
arm-none-eabi-gcc -mcpu=cortex-a9 -mfpu=vfpv3 -mfloat-abi=hard -Wl,-build-id=none -specs=Xilinx.spec -Wl,-T -Wl,../src/lscript.ld -L../../Lab1_bsp/ps7_cortexa9_0/lib -o "Lab1.elf"  ./src/LED_BUTTONS_TC.o   -Wl,--start-group,-lxil,-lgcc,-lc,--end-group
'Finished building target: Lab1.elf'
' '
'Invoking: ARM v7 Print Size'
arm-none-eabi-size Lab1.elf  |tee "Lab1.elf.size"
   text	   data	    bss	    dec	    hex	filename
  24088	   1184	  22616	  47888	   bb10	Lab1.elf
'Finished building: Lab1.elf.size'
' '
20:48:47 **** Auto Build of configuration Debug for project Lab1 ****
make pre-build main-build 
a9-linaro-pre-build-step
' '
'Building file: ../src/LED_BUTTONS_TC.c'
'Invoking: ARM v7 gcc compiler'
arm-none-eabi-gcc -Wall -O0 -g3 -c -fmessage-length=0 -MT"src/LED_BUTTONS_TC.o" -mcpu=cortex-a9 -mfpu=vfpv3 -mfloat-abi=hard -I../../Lab1_bsp/ps7_cortexa9_0/include -MMD -MP -MF"src/LED_BUTTONS_TC.d" -MT"src/LED_BUTTONS_TC.o" -o "src/LED_BUTTONS_TC.o" "../src/LED_BUTTONS_TC.c"
../src/LED_BUTTONS_TC.c: In function 'LEDOutputExample':
../src/LED_BUTTONS_TC.c:113:15: warning: suggest parentheses around arithmetic in operand of '^' [-Wparentheses]
     led = led + 2^(count);
           ~~~~^~~
../src/LED_BUTTONS_TC.c:118:15: warning: suggest parentheses around arithmetic in operand of '^' [-Wparentheses]
     led = led - 2^(count);
           ~~~~^~~
'Finished building: ../src/LED_BUTTONS_TC.c'
' '
'Building target: Lab1.elf'
'Invoking: ARM v7 gcc linker'
arm-none-eabi-gcc -mcpu=cortex-a9 -mfpu=vfpv3 -mfloat-abi=hard -Wl,-build-id=none -specs=Xilinx.spec -Wl,-T -Wl,../src/lscript.ld -L../../Lab1_bsp/ps7_cortexa9_0/lib -o "Lab1.elf"  ./src/LED_BUTTONS_TC.o   -Wl,--start-group,-lxil,-lgcc,-lc,--end-group
'Finished building target: Lab1.elf'
' '
'Invoking: ARM v7 Print Size'
arm-none-eabi-size Lab1.elf  |tee "Lab1.elf.size"
   text	   data	    bss	    dec	    hex	filename
  24088	   1184	  22616	  47888	   bb10	Lab1.elf
'Finished building: Lab1.elf.size'
' '
20:49:18 **** Auto Build of configuration Debug for project Lab1 ****
make pre-build main-build 
a9-linaro-pre-build-step
' '
'Building file: ../src/LED_BUTTONS_TC.c'
'Invoking: ARM v7 gcc compiler'
arm-none-eabi-gcc -Wall -O0 -g3 -c -fmessage-length=0 -MT"src/LED_BUTTONS_TC.o" -mcpu=cortex-a9 -mfpu=vfpv3 -mfloat-abi=hard -I../../Lab1_bsp/ps7_cortexa9_0/include -MMD -MP -MF"src/LED_BUTTONS_TC.d" -MT"src/LED_BUTTONS_TC.o" -o "src/LED_BUTTONS_TC.o" "../src/LED_BUTTONS_TC.c"
../src/LED_BUTTONS_TC.c: In function 'LEDOutputExample':
../src/LED_BUTTONS_TC.c:113:15: warning: suggest parentheses around arithmetic in operand of '^' [-Wparentheses]
     led = led + 2^(count);
           ~~~~^~~
../src/LED_BUTTONS_TC.c:118:15: warning: suggest parentheses around arithmetic in operand of '^' [-Wparentheses]
     led = led - 2^(count);
           ~~~~^~~
../src/LED_BUTTONS_TC.c:46:6: warning: variable 'Buttons' set but not used [-Wunused-but-set-variable]
  u32 Buttons;
      ^~~~~~~
'Finished building: ../src/LED_BUTTONS_TC.c'
' '
'Building target: Lab1.elf'
'Invoking: ARM v7 gcc linker'
arm-none-eabi-gcc -mcpu=cortex-a9 -mfpu=vfpv3 -mfloat-abi=hard -Wl,-build-id=none -specs=Xilinx.spec -Wl,-T -Wl,../src/lscript.ld -L../../Lab1_bsp/ps7_cortexa9_0/lib -o "Lab1.elf"  ./src/LED_BUTTONS_TC.o   -Wl,--start-group,-lxil,-lgcc,-lc,--end-group
'Finished building target: Lab1.elf'
' '
'Invoking: ARM v7 Print Size'
arm-none-eabi-size Lab1.elf  |tee "Lab1.elf.size"
   text	   data	    bss	    dec	    hex	filename
  24152	   1184	  22616	  47952	   bb50	Lab1.elf
'Finished building: Lab1.elf.size'
' '
20:49:44 **** Incremental Build of configuration Debug for project Lab1 ****
make pre-build main-build 
a9-linaro-pre-build-step
' '
make: Nothing to be done for 'main-build'.
20:50:16 **** Incremental Build of configuration Debug for project Lab1 ****
make pre-build main-build 
a9-linaro-pre-build-step
' '
make: Nothing to be done for 'main-build'.
20:53:25 **** Auto Build of configuration Debug for project Lab1 ****
make pre-build main-build 
a9-linaro-pre-build-step
' '
'Building file: ../src/LED_BUTTONS_TC.c'
'Invoking: ARM v7 gcc compiler'
arm-none-eabi-gcc -Wall -O0 -g3 -c -fmessage-length=0 -MT"src/LED_BUTTONS_TC.o" -mcpu=cortex-a9 -mfpu=vfpv3 -mfloat-abi=hard -I../../Lab1_bsp/ps7_cortexa9_0/include -MMD -MP -MF"src/LED_BUTTONS_TC.d" -MT"src/LED_BUTTONS_TC.o" -o "src/LED_BUTTONS_TC.o" "../src/LED_BUTTONS_TC.c"
../src/LED_BUTTONS_TC.c: In function 'LEDOutputExample':
../src/LED_BUTTONS_TC.c:115:15: warning: suggest parentheses around arithmetic in operand of '^' [-Wparentheses]
     led = led + 2^(count);
           ~~~~^~~
../src/LED_BUTTONS_TC.c:120:15: warning: suggest parentheses around arithmetic in operand of '^' [-Wparentheses]
     led = led - 2^(count);
           ~~~~^~~
../src/LED_BUTTONS_TC.c:46:6: warning: variable 'Buttons' set but not used [-Wunused-but-set-variable]
  u32 Buttons;
      ^~~~~~~
'Finished building: ../src/LED_BUTTONS_TC.c'
' '
'Building target: Lab1.elf'
'Invoking: ARM v7 gcc linker'
arm-none-eabi-gcc -mcpu=cortex-a9 -mfpu=vfpv3 -mfloat-abi=hard -Wl,-build-id=none -specs=Xilinx.spec -Wl,-T -Wl,../src/lscript.ld -L../../Lab1_bsp/ps7_cortexa9_0/lib -o "Lab1.elf"  ./src/LED_BUTTONS_TC.o   -Wl,--start-group,-lxil,-lgcc,-lc,--end-group
'Finished building target: Lab1.elf'
' '
'Invoking: ARM v7 Print Size'
arm-none-eabi-size Lab1.elf  |tee "Lab1.elf.size"
   text	   data	    bss	    dec	    hex	filename
  24152	   1184	  22616	  47952	   bb50	Lab1.elf
'Finished building: Lab1.elf.size'
' '
20:55:50 **** Auto Build of configuration Debug for project Lab1 ****
make pre-build main-build 
a9-linaro-pre-build-step
' '
'Building file: ../src/LED_BUTTONS_TC.c'
'Invoking: ARM v7 gcc compiler'
arm-none-eabi-gcc -Wall -O0 -g3 -c -fmessage-length=0 -MT"src/LED_BUTTONS_TC.o" -mcpu=cortex-a9 -mfpu=vfpv3 -mfloat-abi=hard -I../../Lab1_bsp/ps7_cortexa9_0/include -MMD -MP -MF"src/LED_BUTTONS_TC.d" -MT"src/LED_BUTTONS_TC.o" -o "src/LED_BUTTONS_TC.o" "../src/LED_BUTTONS_TC.c"
../src/LED_BUTTONS_TC.c: In function 'LEDOutputExample':
../src/LED_BUTTONS_TC.c:115:15: warning: suggest parentheses around arithmetic in operand of '^' [-Wparentheses]
     led = led + 2^(count);
           ~~~~^~~
../src/LED_BUTTONS_TC.c:120:15: warning: suggest parentheses around arithmetic in operand of '^' [-Wparentheses]
     led = led - 2^(count);
           ~~~~^~~
../src/LED_BUTTONS_TC.c:46:6: warning: variable 'Buttons' set but not used [-Wunused-but-set-variable]
  u32 Buttons;
      ^~~~~~~
'Finished building: ../src/LED_BUTTONS_TC.c'
' '
'Building target: Lab1.elf'
'Invoking: ARM v7 gcc linker'
arm-none-eabi-gcc -mcpu=cortex-a9 -mfpu=vfpv3 -mfloat-abi=hard -Wl,-build-id=none -specs=Xilinx.spec -Wl,-T -Wl,../src/lscript.ld -L../../Lab1_bsp/ps7_cortexa9_0/lib -o "Lab1.elf"  ./src/LED_BUTTONS_TC.o   -Wl,--start-group,-lxil,-lgcc,-lc,--end-group
'Finished building target: Lab1.elf'
' '
'Invoking: ARM v7 Print Size'
arm-none-eabi-size Lab1.elf  |tee "Lab1.elf.size"
   text	   data	    bss	    dec	    hex	filename
  24152	   1184	  22616	  47952	   bb50	Lab1.elf
'Finished building: Lab1.elf.size'
' '
20:56:02 **** Incremental Build of configuration Debug for project Lab1 ****
make pre-build main-build 
a9-linaro-pre-build-step
' '
make: Nothing to be done for 'main-build'.
20:56:29 **** Incremental Build of configuration Debug for project Lab1 ****
make pre-build main-build 
a9-linaro-pre-build-step
' '
make: Nothing to be done for 'main-build'.
20:56:54 **** Incremental Build of configuration Debug for project Lab1 ****
make pre-build main-build 
a9-linaro-pre-build-step
' '
make: Nothing to be done for 'main-build'.
20:57:56 **** Auto Build of configuration Debug for project Lab1 ****
make pre-build main-build 
a9-linaro-pre-build-step
' '
'Building file: ../src/LED_BUTTONS_TC.c'
'Invoking: ARM v7 gcc compiler'
arm-none-eabi-gcc -Wall -O0 -g3 -c -fmessage-length=0 -MT"src/LED_BUTTONS_TC.o" -mcpu=cortex-a9 -mfpu=vfpv3 -mfloat-abi=hard -I../../Lab1_bsp/ps7_cortexa9_0/include -MMD -MP -MF"src/LED_BUTTONS_TC.d" -MT"src/LED_BUTTONS_TC.o" -o "src/LED_BUTTONS_TC.o" "../src/LED_BUTTONS_TC.c"
../src/LED_BUTTONS_TC.c: In function 'LEDOutputExample':
../src/LED_BUTTONS_TC.c:72:28: error: 'Gpio' undeclared (first use in this function); did you mean 'XGpio'?
       XGpio_DiscreteWrite(&Gpio, LED_CHANNEL, led);
                            ^~~~
                            XGpio
../src/LED_BUTTONS_TC.c:72:28: note: each undeclared identifier is reported only once for each function it appears in
../src/LED_BUTTONS_TC.c:46:6: warning: unused variable 'Buttons' [-Wunused-variable]
  u32 Buttons;
      ^~~~~~~
make: *** [src/subdir.mk:23: src/LED_BUTTONS_TC.o] Error 1
20:57:57 **** Incremental Build of configuration Debug for project Lab1 ****
make pre-build main-build 
a9-linaro-pre-build-step
' '
'Building file: ../src/LED_BUTTONS_TC.c'
'Invoking: ARM v7 gcc compiler'
arm-none-eabi-gcc -Wall -O0 -g3 -c -fmessage-length=0 -MT"src/LED_BUTTONS_TC.o" -mcpu=cortex-a9 -mfpu=vfpv3 -mfloat-abi=hard -I../../Lab1_bsp/ps7_cortexa9_0/include -MMD -MP -MF"src/LED_BUTTONS_TC.d" -MT"src/LED_BUTTONS_TC.o" -o "src/LED_BUTTONS_TC.o" "../src/LED_BUTTONS_TC.c"
../src/LED_BUTTONS_TC.c: In function 'LEDOutputExample':
../src/LED_BUTTONS_TC.c:72:28: error: 'Gpio' undeclared (first use in this function); did you mean 'XGpio'?
       XGpio_DiscreteWrite(&Gpio, LED_CHANNEL, led);
                            ^~~~
                            XGpio
../src/LED_BUTTONS_TC.c:72:28: note: each undeclared identifier is reported only once for each function it appears in
../src/LED_BUTTONS_TC.c:46:6: warning: unused variable 'Buttons' [-Wunused-variable]
  u32 Buttons;
      ^~~~~~~
make: *** [src/subdir.mk:23: src/LED_BUTTONS_TC.o] Error 1
20:58:21 **** Auto Build of configuration Debug for project Lab1 ****
make pre-build main-build 
a9-linaro-pre-build-step
' '
'Building file: ../src/LED_BUTTONS_TC.c'
'Invoking: ARM v7 gcc compiler'
arm-none-eabi-gcc -Wall -O0 -g3 -c -fmessage-length=0 -MT"src/LED_BUTTONS_TC.o" -mcpu=cortex-a9 -mfpu=vfpv3 -mfloat-abi=hard -I../../Lab1_bsp/ps7_cortexa9_0/include -MMD -MP -MF"src/LED_BUTTONS_TC.d" -MT"src/LED_BUTTONS_TC.o" -o "src/LED_BUTTONS_TC.o" "../src/LED_BUTTONS_TC.c"
../src/LED_BUTTONS_TC.c: In function 'LEDOutputExample':
../src/LED_BUTTONS_TC.c:46:6: warning: unused variable 'Buttons' [-Wunused-variable]
  u32 Buttons;
      ^~~~~~~
'Finished building: ../src/LED_BUTTONS_TC.c'
' '
'Building target: Lab1.elf'
'Invoking: ARM v7 gcc linker'
arm-none-eabi-gcc -mcpu=cortex-a9 -mfpu=vfpv3 -mfloat-abi=hard -Wl,-build-id=none -specs=Xilinx.spec -Wl,-T -Wl,../src/lscript.ld -L../../Lab1_bsp/ps7_cortexa9_0/lib -o "Lab1.elf"  ./src/LED_BUTTONS_TC.o   -Wl,--start-group,-lxil,-lgcc,-lc,--end-group
'Finished building target: Lab1.elf'
' '
'Invoking: ARM v7 Print Size'
arm-none-eabi-size Lab1.elf  |tee "Lab1.elf.size"
   text	   data	    bss	    dec	    hex	filename
  23444	   1184	  22616	  47244	   b88c	Lab1.elf
'Finished building: Lab1.elf.size'
' '
20:58:28 **** Incremental Build of configuration Debug for project Lab1 ****
make pre-build main-build 
a9-linaro-pre-build-step
' '
make: Nothing to be done for 'main-build'.
20:58:50 **** Incremental Build of configuration Debug for project Lab1 ****
make pre-build main-build 
a9-linaro-pre-build-step
' '
make: Nothing to be done for 'main-build'.
21:01:12 **** Auto Build of configuration Debug for project Lab1 ****
make pre-build main-build 
a9-linaro-pre-build-step
' '
'Building file: ../src/LED_BUTTONS_TC.c'
'Invoking: ARM v7 gcc compiler'
arm-none-eabi-gcc -Wall -O0 -g3 -c -fmessage-length=0 -MT"src/LED_BUTTONS_TC.o" -mcpu=cortex-a9 -mfpu=vfpv3 -mfloat-abi=hard -I../../Lab1_bsp/ps7_cortexa9_0/include -MMD -MP -MF"src/LED_BUTTONS_TC.d" -MT"src/LED_BUTTONS_TC.o" -o "src/LED_BUTTONS_TC.o" "../src/LED_BUTTONS_TC.c"
../src/LED_BUTTONS_TC.c: In function 'LEDOutputExample':
../src/LED_BUTTONS_TC.c:46:6: warning: unused variable 'Buttons' [-Wunused-variable]
  u32 Buttons;
      ^~~~~~~
'Finished building: ../src/LED_BUTTONS_TC.c'
' '
'Building target: Lab1.elf'
'Invoking: ARM v7 gcc linker'
arm-none-eabi-gcc -mcpu=cortex-a9 -mfpu=vfpv3 -mfloat-abi=hard -Wl,-build-id=none -specs=Xilinx.spec -Wl,-T -Wl,../src/lscript.ld -L../../Lab1_bsp/ps7_cortexa9_0/lib -o "Lab1.elf"  ./src/LED_BUTTONS_TC.o   -Wl,--start-group,-lxil,-lgcc,-lc,--end-group
'Finished building target: Lab1.elf'
' '
'Invoking: ARM v7 Print Size'
arm-none-eabi-size Lab1.elf  |tee "Lab1.elf.size"
   text	   data	    bss	    dec	    hex	filename
  23448	   1184	  22616	  47248	   b890	Lab1.elf
'Finished building: Lab1.elf.size'
' '
21:01:16 **** Incremental Build of configuration Debug for project Lab1 ****
make pre-build main-build 
a9-linaro-pre-build-step
' '
make: Nothing to be done for 'main-build'.
21:01:40 **** Incremental Build of configuration Debug for project Lab1 ****
make pre-build main-build 
a9-linaro-pre-build-step
' '
make: Nothing to be done for 'main-build'.
21:02:05 **** Auto Build of configuration Debug for project Lab1 ****
make pre-build main-build 
a9-linaro-pre-build-step
' '
'Building file: ../src/LED_BUTTONS_TC.c'
'Invoking: ARM v7 gcc compiler'
arm-none-eabi-gcc -Wall -O0 -g3 -c -fmessage-length=0 -MT"src/LED_BUTTONS_TC.o" -mcpu=cortex-a9 -mfpu=vfpv3 -mfloat-abi=hard -I../../Lab1_bsp/ps7_cortexa9_0/include -MMD -MP -MF"src/LED_BUTTONS_TC.d" -MT"src/LED_BUTTONS_TC.o" -o "src/LED_BUTTONS_TC.o" "../src/LED_BUTTONS_TC.c"
../src/LED_BUTTONS_TC.c: In function 'LEDOutputExample':
../src/LED_BUTTONS_TC.c:46:6: warning: unused variable 'Buttons' [-Wunused-variable]
  u32 Buttons;
      ^~~~~~~
'Finished building: ../src/LED_BUTTONS_TC.c'
' '
'Building target: Lab1.elf'
'Invoking: ARM v7 gcc linker'
arm-none-eabi-gcc -mcpu=cortex-a9 -mfpu=vfpv3 -mfloat-abi=hard -Wl,-build-id=none -specs=Xilinx.spec -Wl,-T -Wl,../src/lscript.ld -L../../Lab1_bsp/ps7_cortexa9_0/lib -o "Lab1.elf"  ./src/LED_BUTTONS_TC.o   -Wl,--start-group,-lxil,-lgcc,-lc,--end-group
'Finished building target: Lab1.elf'
' '
'Invoking: ARM v7 Print Size'
arm-none-eabi-size Lab1.elf  |tee "Lab1.elf.size"
   text	   data	    bss	    dec	    hex	filename
  23448	   1184	  22616	  47248	   b890	Lab1.elf
'Finished building: Lab1.elf.size'
' '
21:02:09 **** Incremental Build of configuration Debug for project Lab1 ****
make pre-build main-build 
a9-linaro-pre-build-step
' '
make: Nothing to be done for 'main-build'.
21:02:35 **** Incremental Build of configuration Debug for project Lab1 ****
make pre-build main-build 
a9-linaro-pre-build-step
' '
make: Nothing to be done for 'main-build'.
21:11:31 **** Auto Build of configuration Debug for project Lab1 ****
make pre-build main-build 
a9-linaro-pre-build-step
' '
'Building file: ../src/LED_BUTTONS_TC.c'
'Invoking: ARM v7 gcc compiler'
arm-none-eabi-gcc -Wall -O0 -g3 -c -fmessage-length=0 -MT"src/LED_BUTTONS_TC.o" -mcpu=cortex-a9 -mfpu=vfpv3 -mfloat-abi=hard -I../../Lab1_bsp/ps7_cortexa9_0/include -MMD -MP -MF"src/LED_BUTTONS_TC.d" -MT"src/LED_BUTTONS_TC.o" -o "src/LED_BUTTONS_TC.o" "../src/LED_BUTTONS_TC.c"
../src/LED_BUTTONS_TC.c: In function 'LEDOutputExample':
../src/LED_BUTTONS_TC.c:109:15: warning: suggest parentheses around arithmetic in operand of '^' [-Wparentheses]
     led = led + 2^(count);
           ~~~~^~~
../src/LED_BUTTONS_TC.c:114:15: warning: suggest parentheses around arithmetic in operand of '^' [-Wparentheses]
     led = led - 2^(count);
           ~~~~^~~
../src/LED_BUTTONS_TC.c:46:6: warning: variable 'Buttons' set but not used [-Wunused-but-set-variable]
  u32 Buttons;
      ^~~~~~~
'Finished building: ../src/LED_BUTTONS_TC.c'
' '
'Building target: Lab1.elf'
'Invoking: ARM v7 gcc linker'
arm-none-eabi-gcc -mcpu=cortex-a9 -mfpu=vfpv3 -mfloat-abi=hard -Wl,-build-id=none -specs=Xilinx.spec -Wl,-T -Wl,../src/lscript.ld -L../../Lab1_bsp/ps7_cortexa9_0/lib -o "Lab1.elf"  ./src/LED_BUTTONS_TC.o   -Wl,--start-group,-lxil,-lgcc,-lc,--end-group
'Finished building target: Lab1.elf'
' '
'Invoking: ARM v7 Print Size'
arm-none-eabi-size Lab1.elf  |tee "Lab1.elf.size"
   text	   data	    bss	    dec	    hex	filename
  24152	   1184	  22616	  47952	   bb50	Lab1.elf
'Finished building: Lab1.elf.size'
' '
21:11:36 **** Incremental Build of configuration Debug for project Lab1 ****
make pre-build main-build 
a9-linaro-pre-build-step
' '
make: Nothing to be done for 'main-build'.
21:11:53 **** Incremental Build of configuration Debug for project Lab1 ****
make pre-build main-build 
a9-linaro-pre-build-step
' '
make: Nothing to be done for 'main-build'.
21:12:40 **** Auto Build of configuration Debug for project Lab1 ****
make pre-build main-build 
a9-linaro-pre-build-step
' '
'Building file: ../src/LED_BUTTONS_TC.c'
'Invoking: ARM v7 gcc compiler'
arm-none-eabi-gcc -Wall -O0 -g3 -c -fmessage-length=0 -MT"src/LED_BUTTONS_TC.o" -mcpu=cortex-a9 -mfpu=vfpv3 -mfloat-abi=hard -I../../Lab1_bsp/ps7_cortexa9_0/include -MMD -MP -MF"src/LED_BUTTONS_TC.d" -MT"src/LED_BUTTONS_TC.o" -o "src/LED_BUTTONS_TC.o" "../src/LED_BUTTONS_TC.c"
../src/LED_BUTTONS_TC.c: In function 'LEDOutputExample':
../src/LED_BUTTONS_TC.c:108:15: warning: suggest parentheses around arithmetic in operand of '^' [-Wparentheses]
     led = led + 2^(count);
           ~~~~^~~
../src/LED_BUTTONS_TC.c:113:15: warning: suggest parentheses around arithmetic in operand of '^' [-Wparentheses]
     led = led - 2^(count);
           ~~~~^~~
../src/LED_BUTTONS_TC.c:46:6: warning: unused variable 'Buttons' [-Wunused-variable]
  u32 Buttons;
      ^~~~~~~
'Finished building: ../src/LED_BUTTONS_TC.c'
' '
'Building target: Lab1.elf'
'Invoking: ARM v7 gcc linker'
arm-none-eabi-gcc -mcpu=cortex-a9 -mfpu=vfpv3 -mfloat-abi=hard -Wl,-build-id=none -specs=Xilinx.spec -Wl,-T -Wl,../src/lscript.ld -L../../Lab1_bsp/ps7_cortexa9_0/lib -o "Lab1.elf"  ./src/LED_BUTTONS_TC.o   -Wl,--start-group,-lxil,-lgcc,-lc,--end-group
'Finished building target: Lab1.elf'
' '
'Invoking: ARM v7 Print Size'
arm-none-eabi-size Lab1.elf  |tee "Lab1.elf.size"
   text	   data	    bss	    dec	    hex	filename
  24024	   1184	  22616	  47824	   bad0	Lab1.elf
'Finished building: Lab1.elf.size'
' '
21:12:49 **** Incremental Build of configuration Debug for project Lab1 ****
make pre-build main-build 
a9-linaro-pre-build-step
' '
make: Nothing to be done for 'main-build'.
21:13:08 **** Incremental Build of configuration Debug for project Lab1 ****
make pre-build main-build 
a9-linaro-pre-build-step
' '
make: Nothing to be done for 'main-build'.
21:14:00 **** Incremental Build of configuration Debug for project Lab1 ****
make pre-build main-build 
a9-linaro-pre-build-step
' '
make: Nothing to be done for 'main-build'.
21:18:38 **** Auto Build of configuration Debug for project Lab1 ****
make pre-build main-build 
a9-linaro-pre-build-step
' '
'Building file: ../src/LED_BUTTONS_TC.c'
'Invoking: ARM v7 gcc compiler'
arm-none-eabi-gcc -Wall -O0 -g3 -c -fmessage-length=0 -MT"src/LED_BUTTONS_TC.o" -mcpu=cortex-a9 -mfpu=vfpv3 -mfloat-abi=hard -I../../Lab1_bsp/ps7_cortexa9_0/include -MMD -MP -MF"src/LED_BUTTONS_TC.d" -MT"src/LED_BUTTONS_TC.o" -o "src/LED_BUTTONS_TC.o" "../src/LED_BUTTONS_TC.c"
../src/LED_BUTTONS_TC.c: In function 'LEDOutputExample':
../src/LED_BUTTONS_TC.c:46:6: warning: unused variable 'Buttons' [-Wunused-variable]
  u32 Buttons;
      ^~~~~~~
'Finished building: ../src/LED_BUTTONS_TC.c'
' '
'Building target: Lab1.elf'
'Invoking: ARM v7 gcc linker'
arm-none-eabi-gcc -mcpu=cortex-a9 -mfpu=vfpv3 -mfloat-abi=hard -Wl,-build-id=none -specs=Xilinx.spec -Wl,-T -Wl,../src/lscript.ld -L../../Lab1_bsp/ps7_cortexa9_0/lib -o "Lab1.elf"  ./src/LED_BUTTONS_TC.o   -Wl,--start-group,-lxil,-lgcc,-lc,--end-group
'Finished building target: Lab1.elf'
' '
'Invoking: ARM v7 Print Size'
arm-none-eabi-size Lab1.elf  |tee "Lab1.elf.size"
   text	   data	    bss	    dec	    hex	filename
  23444	   1184	  22616	  47244	   b88c	Lab1.elf
'Finished building: Lab1.elf.size'
' '
21:18:47 **** Auto Build of configuration Debug for project Lab1 ****
make pre-build main-build 
a9-linaro-pre-build-step
' '
[...]
a9-linaro-pre-build-step
' '
'Building file: ../src/LED_BUTTONS_TC.c'
'Invoking: ARM v7 gcc compiler'
arm-none-eabi-gcc -Wall -O0 -g3 -c -fmessage-length=0 -MT"src/LED_BUTTONS_TC.o" -mcpu=cortex-a9 -mfpu=vfpv3 -mfloat-abi=hard -I../../Lab1_bsp/ps7_cortexa9_0/include -MMD -MP -MF"src/LED_BUTTONS_TC.d" -MT"src/LED_BUTTONS_TC.o" -o "src/LED_BUTTONS_TC.o" "../src/LED_BUTTONS_TC.c"
'Finished building: ../src/LED_BUTTONS_TC.c'
' '
'Building target: Lab1.elf'
'Invoking: ARM v7 gcc linker'
arm-none-eabi-gcc -mcpu=cortex-a9 -mfpu=vfpv3 -mfloat-abi=hard -Wl,-build-id=none -specs=Xilinx.spec -Wl,-T -Wl,../src/lscript.ld -L../../Lab1_bsp/ps7_cortexa9_0/lib -o "Lab1.elf"  ./src/LED_BUTTONS_TC.o   -Wl,--start-group,-lxil,-lgcc,-lc,--end-group
'Finished building target: Lab1.elf'
' '
'Invoking: ARM v7 Print Size'
arm-none-eabi-size Lab1.elf  |tee "Lab1.elf.size"
   text	   data	    bss	    dec	    hex	filename
  25176	   1184	  22616	  48976	   bf50	Lab1.elf
'Finished building: Lab1.elf.size'
' '
00:01:43 **** Auto Build of configuration Debug for project Lab1 ****
make pre-build main-build 
a9-linaro-pre-build-step
' '
'Building file: ../src/LED_BUTTONS_TC.c'
'Invoking: ARM v7 gcc compiler'
arm-none-eabi-gcc -Wall -O0 -g3 -c -fmessage-length=0 -MT"src/LED_BUTTONS_TC.o" -mcpu=cortex-a9 -mfpu=vfpv3 -mfloat-abi=hard -I../../Lab1_bsp/ps7_cortexa9_0/include -MMD -MP -MF"src/LED_BUTTONS_TC.d" -MT"src/LED_BUTTONS_TC.o" -o "src/LED_BUTTONS_TC.o" "../src/LED_BUTTONS_TC.c"
'Finished building: ../src/LED_BUTTONS_TC.c'
' '
'Building target: Lab1.elf'
'Invoking: ARM v7 gcc linker'
arm-none-eabi-gcc -mcpu=cortex-a9 -mfpu=vfpv3 -mfloat-abi=hard -Wl,-build-id=none -specs=Xilinx.spec -Wl,-T -Wl,../src/lscript.ld -L../../Lab1_bsp/ps7_cortexa9_0/lib -o "Lab1.elf"  ./src/LED_BUTTONS_TC.o   -Wl,--start-group,-lxil,-lgcc,-lc,--end-group
'Finished building target: Lab1.elf'
' '
'Invoking: ARM v7 Print Size'
arm-none-eabi-size Lab1.elf  |tee "Lab1.elf.size"
   text	   data	    bss	    dec	    hex	filename
  25176	   1184	  22616	  48976	   bf50	Lab1.elf
'Finished building: Lab1.elf.size'
' '
00:01:49 **** Incremental Build of configuration Debug for project Lab1 ****
make pre-build main-build 
a9-linaro-pre-build-step
' '
make: Nothing to be done for 'main-build'.
00:02:11 **** Incremental Build of configuration Debug for project Lab1 ****
make pre-build main-build 
a9-linaro-pre-build-step
' '
make: Nothing to be done for 'main-build'.
00:02:26 **** Auto Build of configuration Debug for project Lab1 ****
make pre-build main-build 
a9-linaro-pre-build-step
' '
'Building file: ../src/LED_BUTTONS_TC.c'
'Invoking: ARM v7 gcc compiler'
arm-none-eabi-gcc -Wall -O0 -g3 -c -fmessage-length=0 -MT"src/LED_BUTTONS_TC.o" -mcpu=cortex-a9 -mfpu=vfpv3 -mfloat-abi=hard -I../../Lab1_bsp/ps7_cortexa9_0/include -MMD -MP -MF"src/LED_BUTTONS_TC.d" -MT"src/LED_BUTTONS_TC.o" -o "src/LED_BUTTONS_TC.o" "../src/LED_BUTTONS_TC.c"
'Finished building: ../src/LED_BUTTONS_TC.c'
' '
'Building target: Lab1.elf'
'Invoking: ARM v7 gcc linker'
arm-none-eabi-gcc -mcpu=cortex-a9 -mfpu=vfpv3 -mfloat-abi=hard -Wl,-build-id=none -specs=Xilinx.spec -Wl,-T -Wl,../src/lscript.ld -L../../Lab1_bsp/ps7_cortexa9_0/lib -o "Lab1.elf"  ./src/LED_BUTTONS_TC.o   -Wl,--start-group,-lxil,-lgcc,-lc,--end-group
'Finished building target: Lab1.elf'
' '
'Invoking: ARM v7 Print Size'
arm-none-eabi-size Lab1.elf  |tee "Lab1.elf.size"
   text	   data	    bss	    dec	    hex	filename
  25176	   1184	  22616	  48976	   bf50	Lab1.elf
'Finished building: Lab1.elf.size'
' '
00:02:37 **** Incremental Build of configuration Debug for project Lab1 ****
make pre-build main-build 
a9-linaro-pre-build-step
' '
make: Nothing to be done for 'main-build'.
00:02:56 **** Incremental Build of configuration Debug for project Lab1 ****
make pre-build main-build 
a9-linaro-pre-build-step
' '
make: Nothing to be done for 'main-build'.
00:03:08 **** Incremental Build of configuration Debug for project Lab1 ****
make pre-build main-build 
a9-linaro-pre-build-step
' '
make: Nothing to be done for 'main-build'.
00:03:25 **** Incremental Build of configuration Debug for project Lab1 ****
make pre-build main-build 
a9-linaro-pre-build-step
' '
make: Nothing to be done for 'main-build'.
00:04:45 **** Incremental Build of configuration Debug for project Lab1 ****
make pre-build main-build 
a9-linaro-pre-build-step
' '
make: Nothing to be done for 'main-build'.
14:24:20 **** Build of project Lab1_bsp ****
make -k all 
"Running Make include in ps7_cortexa9_0/libsrc/coresightps_dcc_v1_4/src"
make -C ps7_cortexa9_0/libsrc/coresightps_dcc_v1_4/src -s include  "SHELL=CMD" "COMPILER=arm-none-eabi-gcc" "ARCHIVER=arm-none-eabi-ar" "COMPILER_FLAGS=  -O2 -c" "EXTRA_COMPILER_FLAGS=-mcpu=cortex-a9 -mfpu=vfpv3 -mfloat-abi=hard -nostartfiles -g -Wall -Wextra"
"Running Make include in ps7_cortexa9_0/libsrc/cpu_cortexa9_v2_7/src"
make -C ps7_cortexa9_0/libsrc/cpu_cortexa9_v2_7/src -s include  "SHELL=CMD" "COMPILER=arm-none-eabi-gcc" "ARCHIVER=arm-none-eabi-ar" "COMPILER_FLAGS=  -O2 -c" "EXTRA_COMPILER_FLAGS=-mcpu=cortex-a9 -mfpu=vfpv3 -mfloat-abi=hard -nostartfiles -g -Wall -Wextra"
"Running Make include in ps7_cortexa9_0/libsrc/ddrps_v1_0/src"
make -C ps7_cortexa9_0/libsrc/ddrps_v1_0/src -s include  "SHELL=CMD" "COMPILER=arm-none-eabi-gcc" "ARCHIVER=arm-none-eabi-ar" "COMPILER_FLAGS=  -O2 -c" "EXTRA_COMPILER_FLAGS=-mcpu=cortex-a9 -mfpu=vfpv3 -mfloat-abi=hard -nostartfiles -g -Wall -Wextra"
"Running Make include in ps7_cortexa9_0/libsrc/devcfg_v3_5/src"
make -C ps7_cortexa9_0/libsrc/devcfg_v3_5/src -s include  "SHELL=CMD" "COMPILER=arm-none-eabi-gcc" "ARCHIVER=arm-none-eabi-ar" "COMPILER_FLAGS=  -O2 -c" "EXTRA_COMPILER_FLAGS=-mcpu=cortex-a9 -mfpu=vfpv3 -mfloat-abi=hard -nostartfiles -g -Wall -Wextra"
"Running Make include in ps7_cortexa9_0/libsrc/dmaps_v2_4/src"
make -C ps7_cortexa9_0/libsrc/dmaps_v2_4/src -s include  "SHELL=CMD" "COMPILER=arm-none-eabi-gcc" "ARCHIVER=arm-none-eabi-ar" "COMPILER_FLAGS=  -O2 -c" "EXTRA_COMPILER_FLAGS=-mcpu=cortex-a9 -mfpu=vfpv3 -mfloat-abi=hard -nostartfiles -g -Wall -Wextra"
"Running Make include in ps7_cortexa9_0/libsrc/emacps_v3_8/src"
make -C ps7_cortexa9_0/libsrc/emacps_v3_8/src -s include  "SHELL=CMD" "COMPILER=arm-none-eabi-gcc" "ARCHIVER=arm-none-eabi-ar" "COMPILER_FLAGS=  -O2 -c" "EXTRA_COMPILER_FLAGS=-mcpu=cortex-a9 -mfpu=vfpv3 -mfloat-abi=hard -nostartfiles -g -Wall -Wextra"
"Running Make include in ps7_cortexa9_0/libsrc/gpiops_v3_4/src"
make -C ps7_cortexa9_0/libsrc/gpiops_v3_4/src -s include  "SHELL=CMD" "COMPILER=arm-none-eabi-gcc" "ARCHIVER=arm-none-eabi-ar" "COMPILER_FLAGS=  -O2 -c" "EXTRA_COMPILER_FLAGS=-mcpu=cortex-a9 -mfpu=vfpv3 -mfloat-abi=hard -nostartfiles -g -Wall -Wextra"
"Running Make include in ps7_cortexa9_0/libsrc/gpio_v4_3/src"
make -C ps7_cortexa9_0/libsrc/gpio_v4_3/src -s include  "SHELL=CMD" "COMPILER=arm-none-eabi-gcc" "ARCHIVER=arm-none-eabi-ar" "COMPILER_FLAGS=  -O2 -c" "EXTRA_COMPILER_FLAGS=-mcpu=cortex-a9 -mfpu=vfpv3 -mfloat-abi=hard -nostartfiles -g -Wall -Wextra"
"Running Make include in ps7_cortexa9_0/libsrc/qspips_v3_5/src"
make -C ps7_cortexa9_0/libsrc/qspips_v3_5/src -s include  "SHELL=CMD" "COMPILER=arm-none-eabi-gcc" "ARCHIVER=arm-none-eabi-ar" "COMPILER_FLAGS=  -O2 -c" "EXTRA_COMPILER_FLAGS=-mcpu=cortex-a9 -mfpu=vfpv3 -mfloat-abi=hard -nostartfiles -g -Wall -Wextra"
"Running Make include in ps7_cortexa9_0/libsrc/scugic_v3_10/src"
make -C ps7_cortexa9_0/libsrc/scugic_v3_10/src -s include  "SHELL=CMD" "COMPILER=arm-none-eabi-gcc" "ARCHIVER=arm-none-eabi-ar" "COMPILER_FLAGS=  -O2 -c" "EXTRA_COMPILER_FLAGS=-mcpu=cortex-a9 -mfpu=vfpv3 -mfloat-abi=hard -nostartfiles -g -Wall -Wextra"
"Running Make include in ps7_cortexa9_0/libsrc/scutimer_v2_1/src"
make -C ps7_cortexa9_0/libsrc/scutimer_v2_1/src -s include  "SHELL=CMD" "COMPILER=arm-none-eabi-gcc" "ARCHIVER=arm-none-eabi-ar" "COMPILER_FLAGS=  -O2 -c" "EXTRA_COMPILER_FLAGS=-mcpu=cortex-a9 -mfpu=vfpv3 -mfloat-abi=hard -nostartfiles -g -Wall -Wextra"
"Running Make include in ps7_cortexa9_0/libsrc/scuwdt_v2_1/src"
make -C ps7_cortexa9_0/libsrc/scuwdt_v2_1/src -s include  "SHELL=CMD" "COMPILER=arm-none-eabi-gcc" "ARCHIVER=arm-none-eabi-ar" "COMPILER_FLAGS=  -O2 -c" "EXTRA_COMPILER_FLAGS=-mcpu=cortex-a9 -mfpu=vfpv3 -mfloat-abi=hard -nostartfiles -g -Wall -Wextra"
"Running Make include in ps7_cortexa9_0/libsrc/sdps_v3_6/src"
make -C ps7_cortexa9_0/libsrc/sdps_v3_6/src -s include  "SHELL=CMD" "COMPILER=arm-none-eabi-gcc" "ARCHIVER=arm-none-eabi-ar" "COMPILER_FLAGS=  -O2 -c" "EXTRA_COMPILER_FLAGS=-mcpu=cortex-a9 -mfpu=vfpv3 -mfloat-abi=hard -nostartfiles -g -Wall -Wextra"
"Running Make include in ps7_cortexa9_0/libsrc/standalone_v6_8/src"
make -C ps7_cortexa9_0/libsrc/standalone_v6_8/src -s include  "SHELL=CMD" "COMPILER=arm-none-eabi-gcc" "ARCHIVER=arm-none-eabi-ar" "COMPILER_FLAGS=  -O2 -c" "EXTRA_COMPILER_FLAGS=-mcpu=cortex-a9 -mfpu=vfpv3 -mfloat-abi=hard -nostartfiles -g -Wall -Wextra"
"Running Make include in ps7_cortexa9_0/libsrc/ttcps_v3_7/src"
make -C ps7_cortexa9_0/libsrc/ttcps_v3_7/src -s include  "SHELL=CMD" "COMPILER=arm-none-eabi-gcc" "ARCHIVER=arm-none-eabi-ar" "COMPILER_FLAGS=  -O2 -c" "EXTRA_COMPILER_FLAGS=-mcpu=cortex-a9 -mfpu=vfpv3 -mfloat-abi=hard -nostartfiles -g -Wall -Wextra"
"Running Make include in ps7_cortexa9_0/libsrc/uartps_v3_7/src"
make -C ps7_cortexa9_0/libsrc/uartps_v3_7/src -s include  "SHELL=CMD" "COMPILER=arm-none-eabi-gcc" "ARCHIVER=arm-none-eabi-ar" "COMPILER_FLAGS=  -O2 -c" "EXTRA_COMPILER_FLAGS=-mcpu=cortex-a9 -mfpu=vfpv3 -mfloat-abi=hard -nostartfiles -g -Wall -Wextra"
"Running Make include in ps7_cortexa9_0/libsrc/usbps_v2_4/src"
make -C ps7_cortexa9_0/libsrc/usbps_v2_4/src -s include  "SHELL=CMD" "COMPILER=arm-none-eabi-gcc" "ARCHIVER=arm-none-eabi-ar" "COMPILER_FLAGS=  -O2 -c" "EXTRA_COMPILER_FLAGS=-mcpu=cortex-a9 -mfpu=vfpv3 -mfloat-abi=hard -nostartfiles -g -Wall -Wextra"
"Running Make include in ps7_cortexa9_0/libsrc/xadcps_v2_3/src"
make -C ps7_cortexa9_0/libsrc/xadcps_v2_3/src -s include  "SHELL=CMD" "COMPILER=arm-none-eabi-gcc" "ARCHIVER=arm-none-eabi-ar" "COMPILER_FLAGS=  -O2 -c" "EXTRA_COMPILER_FLAGS=-mcpu=cortex-a9 -mfpu=vfpv3 -mfloat-abi=hard -nostartfiles -g -Wall -Wextra"
"Running Make libs in ps7_cortexa9_0/libsrc/coresightps_dcc_v1_4/src"
make -C ps7_cortexa9_0/libsrc/coresightps_dcc_v1_4/src -s libs  "SHELL=CMD" "COMPILER=arm-none-eabi-gcc" "ARCHIVER=arm-none-eabi-ar" "COMPILER_FLAGS=  -O2 -c" "EXTRA_COMPILER_FLAGS=-mcpu=cortex-a9 -mfpu=vfpv3 -mfloat-abi=hard -nostartfiles -g -Wall -Wextra"
"Compiling coresightps_dcc"
"Running Make libs in ps7_cortexa9_0/libsrc/cpu_cortexa9_v2_7/src"
make -C ps7_cortexa9_0/libsrc/cpu_cortexa9_v2_7/src -s libs  "SHELL=CMD" "COMPILER=arm-none-eabi-gcc" "ARCHIVER=arm-none-eabi-ar" "COMPILER_FLAGS=  -O2 -c" "EXTRA_COMPILER_FLAGS=-mcpu=cortex-a9 -mfpu=vfpv3 -mfloat-abi=hard -nostartfiles -g -Wall -Wextra"
"Compiling cpu_cortexa9"
"Running Make libs in ps7_cortexa9_0/libsrc/ddrps_v1_0/src"
make -C ps7_cortexa9_0/libsrc/ddrps_v1_0/src -s libs  "SHELL=CMD" "COMPILER=arm-none-eabi-gcc" "ARCHIVER=arm-none-eabi-ar" "COMPILER_FLAGS=  -O2 -c" "EXTRA_COMPILER_FLAGS=-mcpu=cortex-a9 -mfpu=vfpv3 -mfloat-abi=hard -nostartfiles -g -Wall -Wextra"
"Compiling ddrps"
"Running Make libs in ps7_cortexa9_0/libsrc/devcfg_v3_5/src"
make -C ps7_cortexa9_0/libsrc/devcfg_v3_5/src -s libs  "SHELL=CMD" "COMPILER=arm-none-eabi-gcc" "ARCHIVER=arm-none-eabi-ar" "COMPILER_FLAGS=  -O2 -c" "EXTRA_COMPILER_FLAGS=-mcpu=cortex-a9 -mfpu=vfpv3 -mfloat-abi=hard -nostartfiles -g -Wall -Wextra"
"Compiling devcfg"
"Running Make libs in ps7_cortexa9_0/libsrc/dmaps_v2_4/src"
make -C ps7_cortexa9_0/libsrc/dmaps_v2_4/src -s libs  "SHELL=CMD" "COMPILER=arm-none-eabi-gcc" "ARCHIVER=arm-none-eabi-ar" "COMPILER_FLAGS=  -O2 -c" "EXTRA_COMPILER_FLAGS=-mcpu=cortex-a9 -mfpu=vfpv3 -mfloat-abi=hard -nostartfiles -g -Wall -Wextra"
"Compiling dmaps"
"Running Make libs in ps7_cortexa9_0/libsrc/emacps_v3_8/src"
make -C ps7_cortexa9_0/libsrc/emacps_v3_8/src -s libs  "SHELL=CMD" "COMPILER=arm-none-eabi-gcc" "ARCHIVER=arm-none-eabi-ar" "COMPILER_FLAGS=  -O2 -c" "EXTRA_COMPILER_FLAGS=-mcpu=cortex-a9 -mfpu=vfpv3 -mfloat-abi=hard -nostartfiles -g -Wall -Wextra"
"Compiling emacps"
"Running Make libs in ps7_cortexa9_0/libsrc/gpiops_v3_4/src"
make -C ps7_cortexa9_0/libsrc/gpiops_v3_4/src -s libs  "SHELL=CMD" "COMPILER=arm-none-eabi-gcc" "ARCHIVER=arm-none-eabi-ar" "COMPILER_FLAGS=  -O2 -c" "EXTRA_COMPILER_FLAGS=-mcpu=cortex-a9 -mfpu=vfpv3 -mfloat-abi=hard -nostartfiles -g -Wall -Wextra"
"Compiling gpiops"
"Running Make libs in ps7_cortexa9_0/libsrc/gpio_v4_3/src"
make -C ps7_cortexa9_0/libsrc/gpio_v4_3/src -s libs  "SHELL=CMD" "COMPILER=arm-none-eabi-gcc" "ARCHIVER=arm-none-eabi-ar" "COMPILER_FLAGS=  -O2 -c" "EXTRA_COMPILER_FLAGS=-mcpu=cortex-a9 -mfpu=vfpv3 -mfloat-abi=hard -nostartfiles -g -Wall -Wextra"
"Compiling gpio"
"Running Make libs in ps7_cortexa9_0/libsrc/qspips_v3_5/src"
make -C ps7_cortexa9_0/libsrc/qspips_v3_5/src -s libs  "SHELL=CMD" "COMPILER=arm-none-eabi-gcc" "ARCHIVER=arm-none-eabi-ar" "COMPILER_FLAGS=  -O2 -c" "EXTRA_COMPILER_FLAGS=-mcpu=cortex-a9 -mfpu=vfpv3 -mfloat-abi=hard -nostartfiles -g -Wall -Wextra"
"Compiling qspips"
"Running Make libs in ps7_cortexa9_0/libsrc/scugic_v3_10/src"
make -C ps7_cortexa9_0/libsrc/scugic_v3_10/src -s libs  "SHELL=CMD" "COMPILER=arm-none-eabi-gcc" "ARCHIVER=arm-none-eabi-ar" "COMPILER_FLAGS=  -O2 -c" "EXTRA_COMPILER_FLAGS=-mcpu=cortex-a9 -mfpu=vfpv3 -mfloat-abi=hard -nostartfiles -g -Wall -Wextra"
"Compiling scugic"
"Running Make libs in ps7_cortexa9_0/libsrc/scutimer_v2_1/src"
make -C ps7_cortexa9_0/libsrc/scutimer_v2_1/src -s libs  "SHELL=CMD" "COMPILER=arm-none-eabi-gcc" "ARCHIVER=arm-none-eabi-ar" "COMPILER_FLAGS=  -O2 -c" "EXTRA_COMPILER_FLAGS=-mcpu=cortex-a9 -mfpu=vfpv3 -mfloat-abi=hard -nostartfiles -g -Wall -Wextra"
"Compiling scutimer"
"Running Make libs in ps7_cortexa9_0/libsrc/scuwdt_v2_1/src"
make -C ps7_cortexa9_0/libsrc/scuwdt_v2_1/src -s libs  "SHELL=CMD" "COMPILER=arm-none-eabi-gcc" "ARCHIVER=arm-none-eabi-ar" "COMPILER_FLAGS=  -O2 -c" "EXTRA_COMPILER_FLAGS=-mcpu=cortex-a9 -mfpu=vfpv3 -mfloat-abi=hard -nostartfiles -g -Wall -Wextra"
"Compiling scuwdt"
"Running Make libs in ps7_cortexa9_0/libsrc/sdps_v3_6/src"
make -C ps7_cortexa9_0/libsrc/sdps_v3_6/src -s libs  "SHELL=CMD" "COMPILER=arm-none-eabi-gcc" "ARCHIVER=arm-none-eabi-ar" "COMPILER_FLAGS=  -O2 -c" "EXTRA_COMPILER_FLAGS=-mcpu=cortex-a9 -mfpu=vfpv3 -mfloat-abi=hard -nostartfiles -g -Wall -Wextra"
"Compiling sdps"
"Running Make libs in ps7_cortexa9_0/libsrc/standalone_v6_8/src"
make -C ps7_cortexa9_0/libsrc/standalone_v6_8/src -s libs  "SHELL=CMD" "COMPILER=arm-none-eabi-gcc" "ARCHIVER=arm-none-eabi-ar" "COMPILER_FLAGS=  -O2 -c" "EXTRA_COMPILER_FLAGS=-mcpu=cortex-a9 -mfpu=vfpv3 -mfloat-abi=hard -nostartfiles -g -Wall -Wextra"
"Compiling standalone"
In file included from usleep.c:56:0:
xtime_l.h:87:9: note: #pragma message: For the sleep routines, Global timer is being used
 #pragma message ("For the sleep routines, Global timer is being used")
         ^~~~~~~
In file included from sleep.c:53:0:
xtime_l.h:87:9: note: #pragma message: For the sleep routines, Global timer is being used
 #pragma message ("For the sleep routines, Global timer is being used")
         ^~~~~~~
In file included from xil_sleeptimer.c:51:0:
xtime_l.h:87:9: note: #pragma message: For the sleep routines, Global timer is being used
 #pragma message ("For the sleep routines, Global timer is being used")
         ^~~~~~~
In file included from xtime_l.c:49:0:
xtime_l.h:87:9: note: #pragma message: For the sleep routines, Global timer is being used
 #pragma message ("For the sleep routines, Global timer is being used")
         ^~~~~~~
"Running Make libs in ps7_cortexa9_0/libsrc/ttcps_v3_7/src"
make -C ps7_cortexa9_0/libsrc/ttcps_v3_7/src -s libs  "SHELL=CMD" "COMPILER=arm-none-eabi-gcc" "ARCHIVER=arm-none-eabi-ar" "COMPILER_FLAGS=  -O2 -c" "EXTRA_COMPILER_FLAGS=-mcpu=cortex-a9 -mfpu=vfpv3 -mfloat-abi=hard -nostartfiles -g -Wall -Wextra"
"Compiling ttcps"
"Running Make libs in ps7_cortexa9_0/libsrc/uartps_v3_7/src"
make -C ps7_cortexa9_0/libsrc/uartps_v3_7/src -s libs  "SHELL=CMD" "COMPILER=arm-none-eabi-gcc" "ARCHIVER=arm-none-eabi-ar" "COMPILER_FLAGS=  -O2 -c" "EXTRA_COMPILER_FLAGS=-mcpu=cortex-a9 -mfpu=vfpv3 -mfloat-abi=hard -nostartfiles -g -Wall -Wextra"
"Compiling uartps"
"Running Make libs in ps7_cortexa9_0/libsrc/usbps_v2_4/src"
make -C ps7_cortexa9_0/libsrc/usbps_v2_4/src -s libs  "SHELL=CMD" "COMPILER=arm-none-eabi-gcc" "ARCHIVER=arm-none-eabi-ar" "COMPILER_FLAGS=  -O2 -c" "EXTRA_COMPILER_FLAGS=-mcpu=cortex-a9 -mfpu=vfpv3 -mfloat-abi=hard -nostartfiles -g -Wall -Wextra"
"Compiling usbps"
"Running Make libs in ps7_cortexa9_0/libsrc/xadcps_v2_3/src"
make -C ps7_cortexa9_0/libsrc/xadcps_v2_3/src -s libs  "SHELL=CMD" "COMPILER=arm-none-eabi-gcc" "ARCHIVER=arm-none-eabi-ar" "COMPILER_FLAGS=  -O2 -c" "EXTRA_COMPILER_FLAGS=-mcpu=cortex-a9 -mfpu=vfpv3 -mfloat-abi=hard -nostartfiles -g -Wall -Wextra"
"Compiling xadcps"
'Finished building libraries'
14:24:54 **** Build of configuration Debug for project Lab1 ****
make pre-build main-build 
a9-linaro-pre-build-step
' '
'Building file: ../src/LED_BUTTONS_TC.c'
'Invoking: ARM v7 gcc compiler'
arm-none-eabi-gcc -Wall -O0 -g3 -c -fmessage-length=0 -MT"src/LED_BUTTONS_TC.o" -mcpu=cortex-a9 -mfpu=vfpv3 -mfloat-abi=hard -I../../Lab1_bsp/ps7_cortexa9_0/include -MMD -MP -MF"src/LED_BUTTONS_TC.d" -MT"src/LED_BUTTONS_TC.o" -o "src/LED_BUTTONS_TC.o" "../src/LED_BUTTONS_TC.c"
'Finished building: ../src/LED_BUTTONS_TC.c'
' '
'Building target: Lab1.elf'
'Invoking: ARM v7 gcc linker'
arm-none-eabi-gcc -mcpu=cortex-a9 -mfpu=vfpv3 -mfloat-abi=hard -Wl,-build-id=none -specs=Xilinx.spec -Wl,-T -Wl,../src/lscript.ld -L../../Lab1_bsp/ps7_cortexa9_0/lib -o "Lab1.elf"  ./src/LED_BUTTONS_TC.o   -Wl,--start-group,-lxil,-lgcc,-lc,--end-group
'Finished building target: Lab1.elf'
' '
'Invoking: ARM v7 Print Size'
arm-none-eabi-size Lab1.elf  |tee "Lab1.elf.size"
   text	   data	    bss	    dec	    hex	filename
  23768	   1184	  22616	  47568	   b9d0	Lab1.elf
'Finished building: Lab1.elf.size'
' '
14:31:49 **** Auto Build of configuration Debug for project Lab1 ****
make pre-build main-build 
a9-linaro-pre-build-step
' '
'Building file: ../src/LED_BUTTONS_TC.c'
'Invoking: ARM v7 gcc compiler'
arm-none-eabi-gcc -Wall -O0 -g3 -c -fmessage-length=0 -MT"src/LED_BUTTONS_TC.o" -mcpu=cortex-a9 -mfpu=vfpv3 -mfloat-abi=hard -I../../Lab1_bsp/ps7_cortexa9_0/include -MMD -MP -MF"src/LED_BUTTONS_TC.d" -MT"src/LED_BUTTONS_TC.o" -o "src/LED_BUTTONS_TC.o" "../src/LED_BUTTONS_TC.c"
../src/LED_BUTTONS_TC.c: In function 'LEDOutputExample':
../src/LED_BUTTONS_TC.c:50:9: error: lvalue required as left operand of assignment
  Status = XGpio_Initialize(&LEDInst, LEDS_DEVICE_ID);
         ^
make: *** [src/subdir.mk:23: src/LED_BUTTONS_TC.o] Error 1
14:32:17 **** Auto Build of configuration Debug for project Lab1 ****
make pre-build main-build 
a9-linaro-pre-build-step
' '
'Building file: ../src/LED_BUTTONS_TC.c'
'Invoking: ARM v7 gcc compiler'
arm-none-eabi-gcc -Wall -O0 -g3 -c -fmessage-length=0 -MT"src/LED_BUTTONS_TC.o" -mcpu=cortex-a9 -mfpu=vfpv3 -mfloat-abi=hard -I../../Lab1_bsp/ps7_cortexa9_0/include -MMD -MP -MF"src/LED_BUTTONS_TC.d" -MT"src/LED_BUTTONS_TC.o" -o "src/LED_BUTTONS_TC.o" "../src/LED_BUTTONS_TC.c"
'Finished building: ../src/LED_BUTTONS_TC.c'
' '
'Building target: Lab1.elf'
'Invoking: ARM v7 gcc linker'
arm-none-eabi-gcc -mcpu=cortex-a9 -mfpu=vfpv3 -mfloat-abi=hard -Wl,-build-id=none -specs=Xilinx.spec -Wl,-T -Wl,../src/lscript.ld -L../../Lab1_bsp/ps7_cortexa9_0/lib -o "Lab1.elf"  ./src/LED_BUTTONS_TC.o   -Wl,--start-group,-lxil,-lgcc,-lc,--end-group
'Finished building target: Lab1.elf'
' '
'Invoking: ARM v7 Print Size'
arm-none-eabi-size Lab1.elf  |tee "Lab1.elf.size"
   text	   data	    bss	    dec	    hex	filename
  23832	   1184	  22616	  47632	   ba10	Lab1.elf
'Finished building: Lab1.elf.size'
' '
