14:32:17 **** Auto Build of configuration Debug for project Lab1 ****
make pre-build main-build 
a9-linaro-pre-build-step
' '
'Building file: ../src/LED_BUTTONS_TC.c'
'Invoking: ARM v7 gcc compiler'
arm-none-eabi-gcc -Wall -O0 -g3 -c -fmessage-length=0 -MT"src/LED_BUTTONS_TC.o" -mcpu=cortex-a9 -mfpu=vfpv3 -mfloat-abi=hard -I../../Lab1_bsp/ps7_cortexa9_0/include -MMD -MP -MF"src/LED_BUTTONS_TC.d" -MT"src/LED_BUTTONS_TC.o" -o "src/LED_BUTTONS_TC.o" "../src/LED_BUTTONS_TC.c"
'Finished building: ../src/LED_BUTTONS_TC.c'
' '
'Building target: Lab1.elf'
'Invoking: ARM v7 gcc linker'
arm-none-eabi-gcc -mcpu=cortex-a9 -mfpu=vfpv3 -mfloat-abi=hard -Wl,-build-id=none -specs=Xilinx.spec -Wl,-T -Wl,../src/lscript.ld -L../../Lab1_bsp/ps7_cortexa9_0/lib -o "Lab1.elf"  ./src/LED_BUTTONS_TC.o   -Wl,--start-group,-lxil,-lgcc,-lc,--end-group
'Finished building target: Lab1.elf'
' '
'Invoking: ARM v7 Print Size'
arm-none-eabi-size Lab1.elf  |tee "Lab1.elf.size"
   text	   data	    bss	    dec	    hex	filename
  23832	   1184	  22616	  47632	   ba10	Lab1.elf
'Finished building: Lab1.elf.size'
' '

14:32:18 Build Finished (took 1s.145ms)

